Change Component Designator: Old Designator=C? New Designator=C2
Change Component Designator: Old Designator=C? New Designator=C5
Change Component Designator: Old Designator=C? New Designator=C6
Change Component Designator: Old Designator=C? New Designator=C7
Change Component Designator: Old Designator=C? New Designator=C10
Change Component Designator: Old Designator=C? New Designator=C11
Change Component Designator: Old Designator=C? New Designator=C12
Change Component Designator: Old Designator=C?? New Designator=C1
Change Component Designator: Old Designator=C?? New Designator=C3
Change Component Designator: Old Designator=C?? New Designator=C4
Change Component Designator: Old Designator=C?? New Designator=C8
Change Component Designator: Old Designator=C?? New Designator=C9
Change Component Designator: Old Designator=H?? New Designator=H1
Change Component Designator: Old Designator=H?? New Designator=H2
Change Component Designator: Old Designator=H?? New Designator=H3
Change Component Designator: Old Designator=Q?? New Designator=Q1
Change Component Designator: Old Designator=R?? New Designator=R1
Change Component Designator: Old Designator=R?? New Designator=R2
Change Component Designator: Old Designator=R?? New Designator=R3
Change Component Designator: Old Designator=R?? New Designator=R4
Change Component Designator: Old Designator=R?? New Designator=R5
Change Component Designator: Old Designator=R?? New Designator=R6
Change Component Designator: Old Designator=T? New Designator=T1
Change Component Designator: Old Designator=T? New Designator=T2
Change Component Designator: Old Designator=T? New Designator=T3
Change Component Designator: Old Designator=T? New Designator=T4
Change Component Designator: Old Designator=T? New Designator=T5
Change Component Designator: Old Designator=T? New Designator=T6
Change Component Designator: Old Designator=T? New Designator=T7
Change Component Designator: Old Designator=T? New Designator=T8
Change Component Designator: Old Designator=T? New Designator=T9
Change Component Designator: Old Designator=T? New Designator=T10
Change Component Designator: Old Designator=T? New Designator=T11
Change Component Designator: Old Designator=T? New Designator=T12
Change Component Designator: Old Designator=T? New Designator=T13
Change Component Designator: Old Designator=T? New Designator=T14
Change Component Designator: Old Designator=T? New Designator=T15
Change Component Designator: Old Designator=T? New Designator=T16
Change Component Designator: Old Designator=T? New Designator=T17
Change Component Designator: Old Designator=T? New Designator=T18
Change Component Designator: Old Designator=T? New Designator=T19
Change Component Designator: Old Designator=T? New Designator=T20
Change Component Designator: Old Designator=T? New Designator=T21
Change Component Designator: Old Designator=T? New Designator=T22
Change Component Designator: Old Designator=T? New Designator=T23
Change Component Designator: Old Designator=T? New Designator=T24
Change Component Designator: Old Designator=T? New Designator=T25
Change Component Designator: Old Designator=T? New Designator=T26
Change Component Designator: Old Designator=T? New Designator=T27
Change Component Designator: Old Designator=T? New Designator=T28
Change Component Designator: Old Designator=T? New Designator=T29
Change Component Designator: Old Designator=T? New Designator=T30
Change Component Designator: Old Designator=T? New Designator=T31
Change Component Designator: Old Designator=T? New Designator=T32
Change Component Designator: Old Designator=T? New Designator=T33
Change Component Designator: Old Designator=T? New Designator=T34
Change Component Designator: Old Designator=T? New Designator=T35
Change Component Designator: Old Designator=T? New Designator=T36
Change Component Designator: Old Designator=T? New Designator=T37
Change Component Designator: Old Designator=T? New Designator=T38
Change Component Designator: Old Designator=T? New Designator=T39
Change Component Designator: Old Designator=T? New Designator=T40
Change Component Designator: Old Designator=T? New Designator=T41
Change Component Designator: Old Designator=T? New Designator=T42
Change Component Designator: Old Designator=T? New Designator=T43
Change Component Designator: Old Designator=T? New Designator=T44
Change Component Designator: Old Designator=T? New Designator=T45
Change Component Designator: Old Designator=T? New Designator=T46
Change Component Designator: Old Designator=T? New Designator=T47
Change Component Designator: Old Designator=T? New Designator=T48
Change Component Designator: Old Designator=T? New Designator=T49
Change Component Designator: Old Designator=T? New Designator=T50
Change Component Designator: Old Designator=T? New Designator=T51
Change Component Designator: Old Designator=U? New Designator=U3
Change Component Designator: Old Designator=U? New Designator=U5
Change Component Designator: Old Designator=U? New Designator=U6
Change Component Designator: Old Designator=U? New Designator=U7
Change Component Designator: Old Designator=U? New Designator=U8
Change Component Designator: Old Designator=U? New Designator=U9
Change Component Designator: Old Designator=U? New Designator=U10
Change Component Designator: Old Designator=U?? New Designator=U1
Change Component Designator: Old Designator=U?? New Designator=U2
Change Component Designator: Old Designator=U?? New Designator=U4
