Removed Pin From Net: NetName=VIN Pin=H3-4
Added Component: Designator=D1(SOD-323_L1.7-W1.3-LS2.5-FD)
Add component (AddParameter): Name = "AddInBom"; Value = "yes"; VariantName = "[No Variations]"
Add component (AddParameter): Name = "ConvertToPcb"; Value = "yes"; VariantName = "[No Variations]"
Add component (AddParameter): Name = "Current - Rectified"; Value = "150mA"; VariantName = "[No Variations]"
Add component (AddParameter): Name = "Datasheet"; Value = "https://item.szlcsc.com/datasheet/1N4148WS/8397141.html"; VariantName = "[No Variations]"
Add component (AddParameter): Name = "Diode Configuration"; Value = "∂¿¡¢ Ω"; VariantName = "[No Variations]"
Add component (AddParameter): Name = "FootprintName"; Value = "SOD-323_L1.7-W1.3-LS2.5-FD"; VariantName = "[No Variations]"
Add component (AddParameter): Name = "JLCPCB Part Class"; Value = "Extended Part"; VariantName = "[No Variations]"
Add component (AddParameter): Name = "LCSC Part Name"; Value = "100V 150mA"; VariantName = "[No Variations]"
Add component (AddParameter): Name = "Manufacturer"; Value = "R+O(∫ÍºŒ≥œ)"; VariantName = "[No Variations]"
Add component (AddParameter): Name = "ManufacturerPart"; Value = "1N4148WS"; VariantName = "[No Variations]"
Add component (AddParameter): Name = "ModelId"; Value = "0f2f330c645944df9245ac3c3fec3456"; VariantName = "[No Variations]"
Add component (AddParameter): Name = "ModelName"; Value = "SOD-323_L1.7-W1.3-LS2.5-FD"; VariantName = "[No Variations]"
Add component (AddParameter): Name = "ModelTransform"; Value = "98.425,49.2125,0,180,0,0,0,0,0"; VariantName = "[No Variations]"
Add component (AddParameter): Name = "Non-Repetitive Peak Forward Surge Current"; Value = "2A"; VariantName = "[No Variations]"
Add component (AddParameter): Name = "Operating Junction Temperature Range"; Value = "-55°Ê~+150°Ê"; VariantName = "[No Variations]"
Add component (AddParameter): Name = "Pd - Power Dissipation"; Value = "200mW"; VariantName = "[No Variations]"
Add component (AddParameter): Name = "Reverse Leakage Current (Ir)"; Value = "1uA@75V"; VariantName = "[No Variations]"
Add component (AddParameter): Name = "Reverse Recovery Time (trr)"; Value = "4ns"; VariantName = "[No Variations]"
Add component (AddParameter): Name = "Supplier"; Value = "LCSC"; VariantName = "[No Variations]"
Add component (AddParameter): Name = "Supplier Footprint"; Value = "SOD-323"; VariantName = "[No Variations]"
Add component (AddParameter): Name = "SupplierPart"; Value = "C7420319"; VariantName = "[No Variations]"
Add component (AddParameter): Name = "Symbol"; Value = "1N4148WS_C7420319"; VariantName = "[No Variations]"
Add component (AddParameter): Name = "Voltage - DC Reverse(Vr)"; Value = "100V"; VariantName = "[No Variations]"
Add component (AddParameter): Name = "Voltage - Forward(Vf@If)"; Value = "1.25V@150mA"; VariantName = "[No Variations]"
Added Pin To Net: NetName=NetD1_1 Pin=D1-1
Added Pin To Net: NetName=NetD1_1 Pin=H3-4
Added Net: Name=NetD1_1
