Added Component: Designator=C1(C0603)
Add component (AddParameter): Name = "AddInBom"; Value = "yes"; VariantName = "[No Variations]"
Add component (AddParameter): Name = "ConvertToPcb"; Value = "yes"; VariantName = "[No Variations]"
Add component (AddParameter): Name = "Datasheet"; Value = "https://item.szlcsc.com/datasheet/CL10B104KB8NNNC/1943.html"; VariantName = "[No Variations]"
Add component (AddParameter): Name = "FootprintName"; Value = "C0603"; VariantName = "[No Variations]"
Add component (AddParameter): Name = "JLCPCB Part Class"; Value = "Extended Part"; VariantName = "[No Variations]"
Add component (AddParameter): Name = "LCSC Part Name"; Value = "100nF ±10% 50V"; VariantName = "[No Variations]"
Add component (AddParameter): Name = "Manufacturer"; Value = "SAMSUNG(三星)"; VariantName = "[No Variations]"
Add component (AddParameter): Name = "ManufacturerPart"; Value = "CL10B104KB8NNNC"; VariantName = "[No Variations]"
Add component (AddParameter): Name = "ModelId"; Value = "ac125912035d415993ca9572d50418b1"; VariantName = "[No Variations]"
Add component (AddParameter): Name = "ModelName"; Value = "C0603_L1.6-W0.8-H0.8"; VariantName = "[No Variations]"
Add component (AddParameter): Name = "ModelTransform"; Value = "62.992,31.496,0,0,0,0,0,0,0"; VariantName = "[No Variations]"
Add component (AddParameter): Name = "Supplier"; Value = "LCSC"; VariantName = "[No Variations]"
Add component (AddParameter): Name = "Supplier Footprint"; Value = "0603"; VariantName = "[No Variations]"
Add component (AddParameter): Name = "SupplierPart"; Value = "C1591"; VariantName = "[No Variations]"
Add component (AddParameter): Name = "Symbol"; Value = "CL10B104KB8NNNC"; VariantName = "[No Variations]"
Add component (AddParameter): Name = "Temperature Coefficient"; Value = "X7R"; VariantName = "[No Variations]"
Add component (AddParameter): Name = "Tolerance"; Value = "±10%"; VariantName = "[No Variations]"
Add component (AddParameter): Name = "Value"; Value = "100nF"; VariantName = "[No Variations]"
Add component (AddParameter): Name = "Voltage Rating"; Value = "50V"; VariantName = "[No Variations]"
Added Component: Designator=C2(C0603)
Add component (AddParameter): Name = "AddInBom"; Value = "yes"; VariantName = "[No Variations]"
Add component (AddParameter): Name = "ConvertToPcb"; Value = "yes"; VariantName = "[No Variations]"
Add component (AddParameter): Name = "Datasheet"; Value = "https://item.szlcsc.com/datasheet/CL10B104KB8NNNC/1943.html"; VariantName = "[No Variations]"
Add component (AddParameter): Name = "FootprintName"; Value = "C0603"; VariantName = "[No Variations]"
Add component (AddParameter): Name = "JLCPCB Part Class"; Value = "Extended Part"; VariantName = "[No Variations]"
Add component (AddParameter): Name = "LCSC Part Name"; Value = "100nF ±10% 50V"; VariantName = "[No Variations]"
Add component (AddParameter): Name = "Manufacturer"; Value = "SAMSUNG(三星)"; VariantName = "[No Variations]"
Add component (AddParameter): Name = "ManufacturerPart"; Value = "CL10B104KB8NNNC"; VariantName = "[No Variations]"
Add component (AddParameter): Name = "ModelId"; Value = "ac125912035d415993ca9572d50418b1"; VariantName = "[No Variations]"
Add component (AddParameter): Name = "ModelName"; Value = "C0603_L1.6-W0.8-H0.8"; VariantName = "[No Variations]"
Add component (AddParameter): Name = "ModelTransform"; Value = "62.992,31.496,0,0,0,0,0,0,0"; VariantName = "[No Variations]"
Add component (AddParameter): Name = "Supplier"; Value = "LCSC"; VariantName = "[No Variations]"
Add component (AddParameter): Name = "Supplier Footprint"; Value = "0603"; VariantName = "[No Variations]"
Add component (AddParameter): Name = "SupplierPart"; Value = "C1591"; VariantName = "[No Variations]"
Add component (AddParameter): Name = "Symbol"; Value = "CL10B104KB8NNNC"; VariantName = "[No Variations]"
Add component (AddParameter): Name = "Temperature Coefficient"; Value = "X7R"; VariantName = "[No Variations]"
Add component (AddParameter): Name = "Tolerance"; Value = "±10%"; VariantName = "[No Variations]"
Add component (AddParameter): Name = "Value"; Value = "100nF"; VariantName = "[No Variations]"
Add component (AddParameter): Name = "Voltage Rating"; Value = "50V"; VariantName = "[No Variations]"
Added Component: Designator=C3(C0603)
Add component (AddParameter): Name = "AddInBom"; Value = "yes"; VariantName = "[No Variations]"
Add component (AddParameter): Name = "ConvertToPcb"; Value = "yes"; VariantName = "[No Variations]"
Add component (AddParameter): Name = "Datasheet"; Value = "https://item.szlcsc.com/datasheet/CL10B104KB8NNNC/1943.html"; VariantName = "[No Variations]"
Add component (AddParameter): Name = "FootprintName"; Value = "C0603"; VariantName = "[No Variations]"
Add component (AddParameter): Name = "JLCPCB Part Class"; Value = "Extended Part"; VariantName = "[No Variations]"
Add component (AddParameter): Name = "LCSC Part Name"; Value = "100nF ±10% 50V"; VariantName = "[No Variations]"
Add component (AddParameter): Name = "Manufacturer"; Value = "SAMSUNG(三星)"; VariantName = "[No Variations]"
Add component (AddParameter): Name = "ManufacturerPart"; Value = "CL10B104KB8NNNC"; VariantName = "[No Variations]"
Add component (AddParameter): Name = "ModelId"; Value = "ac125912035d415993ca9572d50418b1"; VariantName = "[No Variations]"
Add component (AddParameter): Name = "ModelName"; Value = "C0603_L1.6-W0.8-H0.8"; VariantName = "[No Variations]"
Add component (AddParameter): Name = "ModelTransform"; Value = "62.992,31.496,0,0,0,0,0,0,0"; VariantName = "[No Variations]"
Add component (AddParameter): Name = "Supplier"; Value = "LCSC"; VariantName = "[No Variations]"
Add component (AddParameter): Name = "Supplier Footprint"; Value = "0603"; VariantName = "[No Variations]"
Add component (AddParameter): Name = "SupplierPart"; Value = "C1591"; VariantName = "[No Variations]"
Add component (AddParameter): Name = "Symbol"; Value = "CL10B104KB8NNNC"; VariantName = "[No Variations]"
Add component (AddParameter): Name = "Temperature Coefficient"; Value = "X7R"; VariantName = "[No Variations]"
Add component (AddParameter): Name = "Tolerance"; Value = "±10%"; VariantName = "[No Variations]"
Add component (AddParameter): Name = "Value"; Value = "100nF"; VariantName = "[No Variations]"
Add component (AddParameter): Name = "Voltage Rating"; Value = "50V"; VariantName = "[No Variations]"
Added Component: Designator=C4(C0603)
Add component (AddParameter): Name = "AddInBom"; Value = "yes"; VariantName = "[No Variations]"
Add component (AddParameter): Name = "ConvertToPcb"; Value = "yes"; VariantName = "[No Variations]"
Add component (AddParameter): Name = "Datasheet"; Value = "https://item.szlcsc.com/datasheet/CL10B104KB8NNNC/1943.html"; VariantName = "[No Variations]"
Add component (AddParameter): Name = "FootprintName"; Value = "C0603"; VariantName = "[No Variations]"
Add component (AddParameter): Name = "JLCPCB Part Class"; Value = "Extended Part"; VariantName = "[No Variations]"
Add component (AddParameter): Name = "LCSC Part Name"; Value = "100nF ±10% 50V"; VariantName = "[No Variations]"
Add component (AddParameter): Name = "Manufacturer"; Value = "SAMSUNG(三星)"; VariantName = "[No Variations]"
Add component (AddParameter): Name = "ManufacturerPart"; Value = "CL10B104KB8NNNC"; VariantName = "[No Variations]"
Add component (AddParameter): Name = "ModelId"; Value = "ac125912035d415993ca9572d50418b1"; VariantName = "[No Variations]"
Add component (AddParameter): Name = "ModelName"; Value = "C0603_L1.6-W0.8-H0.8"; VariantName = "[No Variations]"
Add component (AddParameter): Name = "ModelTransform"; Value = "62.992,31.496,0,0,0,0,0,0,0"; VariantName = "[No Variations]"
Add component (AddParameter): Name = "Supplier"; Value = "LCSC"; VariantName = "[No Variations]"
Add component (AddParameter): Name = "Supplier Footprint"; Value = "0603"; VariantName = "[No Variations]"
Add component (AddParameter): Name = "SupplierPart"; Value = "C1591"; VariantName = "[No Variations]"
Add component (AddParameter): Name = "Symbol"; Value = "CL10B104KB8NNNC"; VariantName = "[No Variations]"
Add component (AddParameter): Name = "Temperature Coefficient"; Value = "X7R"; VariantName = "[No Variations]"
Add component (AddParameter): Name = "Tolerance"; Value = "±10%"; VariantName = "[No Variations]"
Add component (AddParameter): Name = "Value"; Value = "100nF"; VariantName = "[No Variations]"
Add component (AddParameter): Name = "Voltage Rating"; Value = "50V"; VariantName = "[No Variations]"
Added Component: Designator=C5(C0603)
Add component (AddParameter): Name = "AddInBom"; Value = "yes"; VariantName = "[No Variations]"
Add component (AddParameter): Name = "ConvertToPcb"; Value = "yes"; VariantName = "[No Variations]"
Add component (AddParameter): Name = "Datasheet"; Value = "https://item.szlcsc.com/datasheet/CL10B104KB8NNNC/1943.html"; VariantName = "[No Variations]"
Add component (AddParameter): Name = "FootprintName"; Value = "C0603"; VariantName = "[No Variations]"
Add component (AddParameter): Name = "JLCPCB Part Class"; Value = "Extended Part"; VariantName = "[No Variations]"
Add component (AddParameter): Name = "LCSC Part Name"; Value = "100nF ±10% 50V"; VariantName = "[No Variations]"
Add component (AddParameter): Name = "Manufacturer"; Value = "SAMSUNG(三星)"; VariantName = "[No Variations]"
Add component (AddParameter): Name = "ManufacturerPart"; Value = "CL10B104KB8NNNC"; VariantName = "[No Variations]"
Add component (AddParameter): Name = "ModelId"; Value = "ac125912035d415993ca9572d50418b1"; VariantName = "[No Variations]"
Add component (AddParameter): Name = "ModelName"; Value = "C0603_L1.6-W0.8-H0.8"; VariantName = "[No Variations]"
Add component (AddParameter): Name = "ModelTransform"; Value = "62.992,31.496,0,0,0,0,0,0,0"; VariantName = "[No Variations]"
Add component (AddParameter): Name = "Supplier"; Value = "LCSC"; VariantName = "[No Variations]"
Add component (AddParameter): Name = "Supplier Footprint"; Value = "0603"; VariantName = "[No Variations]"
Add component (AddParameter): Name = "SupplierPart"; Value = "C1591"; VariantName = "[No Variations]"
Add component (AddParameter): Name = "Symbol"; Value = "CL10B104KB8NNNC"; VariantName = "[No Variations]"
Add component (AddParameter): Name = "Temperature Coefficient"; Value = "X7R"; VariantName = "[No Variations]"
Add component (AddParameter): Name = "Tolerance"; Value = "±10%"; VariantName = "[No Variations]"
Add component (AddParameter): Name = "Value"; Value = "100nF"; VariantName = "[No Variations]"
Add component (AddParameter): Name = "Voltage Rating"; Value = "50V"; VariantName = "[No Variations]"
Added Component: Designator=C6(C0603)
Add component (AddParameter): Name = "AddInBom"; Value = "yes"; VariantName = "[No Variations]"
Add component (AddParameter): Name = "ConvertToPcb"; Value = "yes"; VariantName = "[No Variations]"
Add component (AddParameter): Name = "Datasheet"; Value = "https://item.szlcsc.com/datasheet/CL10B104KB8NNNC/1943.html"; VariantName = "[No Variations]"
Add component (AddParameter): Name = "FootprintName"; Value = "C0603"; VariantName = "[No Variations]"
Add component (AddParameter): Name = "JLCPCB Part Class"; Value = "Extended Part"; VariantName = "[No Variations]"
Add component (AddParameter): Name = "LCSC Part Name"; Value = "100nF ±10% 50V"; VariantName = "[No Variations]"
Add component (AddParameter): Name = "Manufacturer"; Value = "SAMSUNG(三星)"; VariantName = "[No Variations]"
Add component (AddParameter): Name = "ManufacturerPart"; Value = "CL10B104KB8NNNC"; VariantName = "[No Variations]"
Add component (AddParameter): Name = "ModelId"; Value = "ac125912035d415993ca9572d50418b1"; VariantName = "[No Variations]"
Add component (AddParameter): Name = "ModelName"; Value = "C0603_L1.6-W0.8-H0.8"; VariantName = "[No Variations]"
Add component (AddParameter): Name = "ModelTransform"; Value = "62.992,31.496,0,0,0,0,0,0,0"; VariantName = "[No Variations]"
Add component (AddParameter): Name = "Supplier"; Value = "LCSC"; VariantName = "[No Variations]"
Add component (AddParameter): Name = "Supplier Footprint"; Value = "0603"; VariantName = "[No Variations]"
Add component (AddParameter): Name = "SupplierPart"; Value = "C1591"; VariantName = "[No Variations]"
Add component (AddParameter): Name = "Symbol"; Value = "CL10B104KB8NNNC"; VariantName = "[No Variations]"
Add component (AddParameter): Name = "Temperature Coefficient"; Value = "X7R"; VariantName = "[No Variations]"
Add component (AddParameter): Name = "Tolerance"; Value = "±10%"; VariantName = "[No Variations]"
Add component (AddParameter): Name = "Value"; Value = "100nF"; VariantName = "[No Variations]"
Add component (AddParameter): Name = "Voltage Rating"; Value = "50V"; VariantName = "[No Variations]"
Added Component: Designator=C7(C0603)
Add component (AddParameter): Name = "AddInBom"; Value = "yes"; VariantName = "[No Variations]"
Add component (AddParameter): Name = "ConvertToPcb"; Value = "yes"; VariantName = "[No Variations]"
Add component (AddParameter): Name = "Datasheet"; Value = "https://item.szlcsc.com/datasheet/CL10B104KB8NNNC/1943.html"; VariantName = "[No Variations]"
Add component (AddParameter): Name = "FootprintName"; Value = "C0603"; VariantName = "[No Variations]"
Add component (AddParameter): Name = "JLCPCB Part Class"; Value = "Extended Part"; VariantName = "[No Variations]"
Add component (AddParameter): Name = "LCSC Part Name"; Value = "100nF ±10% 50V"; VariantName = "[No Variations]"
Add component (AddParameter): Name = "Manufacturer"; Value = "SAMSUNG(三星)"; VariantName = "[No Variations]"
Add component (AddParameter): Name = "ManufacturerPart"; Value = "CL10B104KB8NNNC"; VariantName = "[No Variations]"
Add component (AddParameter): Name = "ModelId"; Value = "ac125912035d415993ca9572d50418b1"; VariantName = "[No Variations]"
Add component (AddParameter): Name = "ModelName"; Value = "C0603_L1.6-W0.8-H0.8"; VariantName = "[No Variations]"
Add component (AddParameter): Name = "ModelTransform"; Value = "62.992,31.496,0,0,0,0,0,0,0"; VariantName = "[No Variations]"
Add component (AddParameter): Name = "Supplier"; Value = "LCSC"; VariantName = "[No Variations]"
Add component (AddParameter): Name = "Supplier Footprint"; Value = "0603"; VariantName = "[No Variations]"
Add component (AddParameter): Name = "SupplierPart"; Value = "C1591"; VariantName = "[No Variations]"
Add component (AddParameter): Name = "Symbol"; Value = "CL10B104KB8NNNC"; VariantName = "[No Variations]"
Add component (AddParameter): Name = "Temperature Coefficient"; Value = "X7R"; VariantName = "[No Variations]"
Add component (AddParameter): Name = "Tolerance"; Value = "±10%"; VariantName = "[No Variations]"
Add component (AddParameter): Name = "Value"; Value = "100nF"; VariantName = "[No Variations]"
Add component (AddParameter): Name = "Voltage Rating"; Value = "50V"; VariantName = "[No Variations]"
Added Component: Designator=C8(C0603)
Add component (AddParameter): Name = "AddInBom"; Value = "yes"; VariantName = "[No Variations]"
Add component (AddParameter): Name = "ConvertToPcb"; Value = "yes"; VariantName = "[No Variations]"
Add component (AddParameter): Name = "Datasheet"; Value = "https://item.szlcsc.com/datasheet/CL10B104KB8NNNC/1943.html"; VariantName = "[No Variations]"
Add component (AddParameter): Name = "FootprintName"; Value = "C0603"; VariantName = "[No Variations]"
Add component (AddParameter): Name = "JLCPCB Part Class"; Value = "Extended Part"; VariantName = "[No Variations]"
Add component (AddParameter): Name = "LCSC Part Name"; Value = "100nF ±10% 50V"; VariantName = "[No Variations]"
Add component (AddParameter): Name = "Manufacturer"; Value = "SAMSUNG(三星)"; VariantName = "[No Variations]"
Add component (AddParameter): Name = "ManufacturerPart"; Value = "CL10B104KB8NNNC"; VariantName = "[No Variations]"
Add component (AddParameter): Name = "ModelId"; Value = "ac125912035d415993ca9572d50418b1"; VariantName = "[No Variations]"
Add component (AddParameter): Name = "ModelName"; Value = "C0603_L1.6-W0.8-H0.8"; VariantName = "[No Variations]"
Add component (AddParameter): Name = "ModelTransform"; Value = "62.992,31.496,0,0,0,0,0,0,0"; VariantName = "[No Variations]"
Add component (AddParameter): Name = "Supplier"; Value = "LCSC"; VariantName = "[No Variations]"
Add component (AddParameter): Name = "Supplier Footprint"; Value = "0603"; VariantName = "[No Variations]"
Add component (AddParameter): Name = "SupplierPart"; Value = "C1591"; VariantName = "[No Variations]"
Add component (AddParameter): Name = "Symbol"; Value = "CL10B104KB8NNNC"; VariantName = "[No Variations]"
Add component (AddParameter): Name = "Temperature Coefficient"; Value = "X7R"; VariantName = "[No Variations]"
Add component (AddParameter): Name = "Tolerance"; Value = "±10%"; VariantName = "[No Variations]"
Add component (AddParameter): Name = "Value"; Value = "100nF"; VariantName = "[No Variations]"
Add component (AddParameter): Name = "Voltage Rating"; Value = "50V"; VariantName = "[No Variations]"
Added Component: Designator=C9(C0603)
Add component (AddParameter): Name = "AddInBom"; Value = "yes"; VariantName = "[No Variations]"
Add component (AddParameter): Name = "ConvertToPcb"; Value = "yes"; VariantName = "[No Variations]"
Add component (AddParameter): Name = "Datasheet"; Value = "https://item.szlcsc.com/datasheet/CL10B104KB8NNNC/1943.html"; VariantName = "[No Variations]"
Add component (AddParameter): Name = "FootprintName"; Value = "C0603"; VariantName = "[No Variations]"
Add component (AddParameter): Name = "JLCPCB Part Class"; Value = "Extended Part"; VariantName = "[No Variations]"
Add component (AddParameter): Name = "LCSC Part Name"; Value = "100nF ±10% 50V"; VariantName = "[No Variations]"
Add component (AddParameter): Name = "Manufacturer"; Value = "SAMSUNG(三星)"; VariantName = "[No Variations]"
Add component (AddParameter): Name = "ManufacturerPart"; Value = "CL10B104KB8NNNC"; VariantName = "[No Variations]"
Add component (AddParameter): Name = "ModelId"; Value = "ac125912035d415993ca9572d50418b1"; VariantName = "[No Variations]"
Add component (AddParameter): Name = "ModelName"; Value = "C0603_L1.6-W0.8-H0.8"; VariantName = "[No Variations]"
Add component (AddParameter): Name = "ModelTransform"; Value = "62.992,31.496,0,0,0,0,0,0,0"; VariantName = "[No Variations]"
Add component (AddParameter): Name = "Supplier"; Value = "LCSC"; VariantName = "[No Variations]"
Add component (AddParameter): Name = "Supplier Footprint"; Value = "0603"; VariantName = "[No Variations]"
Add component (AddParameter): Name = "SupplierPart"; Value = "C1591"; VariantName = "[No Variations]"
Add component (AddParameter): Name = "Symbol"; Value = "CL10B104KB8NNNC"; VariantName = "[No Variations]"
Add component (AddParameter): Name = "Temperature Coefficient"; Value = "X7R"; VariantName = "[No Variations]"
Add component (AddParameter): Name = "Tolerance"; Value = "±10%"; VariantName = "[No Variations]"
Add component (AddParameter): Name = "Value"; Value = "100nF"; VariantName = "[No Variations]"
Add component (AddParameter): Name = "Voltage Rating"; Value = "50V"; VariantName = "[No Variations]"
Added Component: Designator=C10(C0603)
Add component (AddParameter): Name = "AddInBom"; Value = "yes"; VariantName = "[No Variations]"
Add component (AddParameter): Name = "ConvertToPcb"; Value = "yes"; VariantName = "[No Variations]"
Add component (AddParameter): Name = "Datasheet"; Value = "https://item.szlcsc.com/datasheet/CL10B104KB8NNNC/1943.html"; VariantName = "[No Variations]"
Add component (AddParameter): Name = "FootprintName"; Value = "C0603"; VariantName = "[No Variations]"
Add component (AddParameter): Name = "JLCPCB Part Class"; Value = "Extended Part"; VariantName = "[No Variations]"
Add component (AddParameter): Name = "LCSC Part Name"; Value = "100nF ±10% 50V"; VariantName = "[No Variations]"
Add component (AddParameter): Name = "Manufacturer"; Value = "SAMSUNG(三星)"; VariantName = "[No Variations]"
Add component (AddParameter): Name = "ManufacturerPart"; Value = "CL10B104KB8NNNC"; VariantName = "[No Variations]"
Add component (AddParameter): Name = "ModelId"; Value = "ac125912035d415993ca9572d50418b1"; VariantName = "[No Variations]"
Add component (AddParameter): Name = "ModelName"; Value = "C0603_L1.6-W0.8-H0.8"; VariantName = "[No Variations]"
Add component (AddParameter): Name = "ModelTransform"; Value = "62.992,31.496,0,0,0,0,0,0,0"; VariantName = "[No Variations]"
Add component (AddParameter): Name = "Supplier"; Value = "LCSC"; VariantName = "[No Variations]"
Add component (AddParameter): Name = "Supplier Footprint"; Value = "0603"; VariantName = "[No Variations]"
Add component (AddParameter): Name = "SupplierPart"; Value = "C1591"; VariantName = "[No Variations]"
Add component (AddParameter): Name = "Symbol"; Value = "CL10B104KB8NNNC"; VariantName = "[No Variations]"
Add component (AddParameter): Name = "Temperature Coefficient"; Value = "X7R"; VariantName = "[No Variations]"
Add component (AddParameter): Name = "Tolerance"; Value = "±10%"; VariantName = "[No Variations]"
Add component (AddParameter): Name = "Value"; Value = "100nF"; VariantName = "[No Variations]"
Add component (AddParameter): Name = "Voltage Rating"; Value = "50V"; VariantName = "[No Variations]"
Added Component: Designator=C11(C0603)
Add component (AddParameter): Name = "AddInBom"; Value = "yes"; VariantName = "[No Variations]"
Add component (AddParameter): Name = "ConvertToPcb"; Value = "yes"; VariantName = "[No Variations]"
Add component (AddParameter): Name = "Datasheet"; Value = "https://item.szlcsc.com/datasheet/CL10B104KB8NNNC/1943.html"; VariantName = "[No Variations]"
Add component (AddParameter): Name = "FootprintName"; Value = "C0603"; VariantName = "[No Variations]"
Add component (AddParameter): Name = "JLCPCB Part Class"; Value = "Extended Part"; VariantName = "[No Variations]"
Add component (AddParameter): Name = "LCSC Part Name"; Value = "100nF ±10% 50V"; VariantName = "[No Variations]"
Add component (AddParameter): Name = "Manufacturer"; Value = "SAMSUNG(三星)"; VariantName = "[No Variations]"
Add component (AddParameter): Name = "ManufacturerPart"; Value = "CL10B104KB8NNNC"; VariantName = "[No Variations]"
Add component (AddParameter): Name = "ModelId"; Value = "ac125912035d415993ca9572d50418b1"; VariantName = "[No Variations]"
Add component (AddParameter): Name = "ModelName"; Value = "C0603_L1.6-W0.8-H0.8"; VariantName = "[No Variations]"
Add component (AddParameter): Name = "ModelTransform"; Value = "62.992,31.496,0,0,0,0,0,0,0"; VariantName = "[No Variations]"
Add component (AddParameter): Name = "Supplier"; Value = "LCSC"; VariantName = "[No Variations]"
Add component (AddParameter): Name = "Supplier Footprint"; Value = "0603"; VariantName = "[No Variations]"
Add component (AddParameter): Name = "SupplierPart"; Value = "C1591"; VariantName = "[No Variations]"
Add component (AddParameter): Name = "Symbol"; Value = "CL10B104KB8NNNC"; VariantName = "[No Variations]"
Add component (AddParameter): Name = "Temperature Coefficient"; Value = "X7R"; VariantName = "[No Variations]"
Add component (AddParameter): Name = "Tolerance"; Value = "±10%"; VariantName = "[No Variations]"
Add component (AddParameter): Name = "Value"; Value = "100nF"; VariantName = "[No Variations]"
Add component (AddParameter): Name = "Voltage Rating"; Value = "50V"; VariantName = "[No Variations]"
Added Component: Designator=C12(C0603)
Add component (AddParameter): Name = "AddInBom"; Value = "yes"; VariantName = "[No Variations]"
Add component (AddParameter): Name = "ConvertToPcb"; Value = "yes"; VariantName = "[No Variations]"
Add component (AddParameter): Name = "Datasheet"; Value = "https://item.szlcsc.com/datasheet/CL10B104KB8NNNC/1943.html"; VariantName = "[No Variations]"
Add component (AddParameter): Name = "FootprintName"; Value = "C0603"; VariantName = "[No Variations]"
Add component (AddParameter): Name = "JLCPCB Part Class"; Value = "Extended Part"; VariantName = "[No Variations]"
Add component (AddParameter): Name = "LCSC Part Name"; Value = "100nF ±10% 50V"; VariantName = "[No Variations]"
Add component (AddParameter): Name = "Manufacturer"; Value = "SAMSUNG(三星)"; VariantName = "[No Variations]"
Add component (AddParameter): Name = "ManufacturerPart"; Value = "CL10B104KB8NNNC"; VariantName = "[No Variations]"
Add component (AddParameter): Name = "ModelId"; Value = "ac125912035d415993ca9572d50418b1"; VariantName = "[No Variations]"
Add component (AddParameter): Name = "ModelName"; Value = "C0603_L1.6-W0.8-H0.8"; VariantName = "[No Variations]"
Add component (AddParameter): Name = "ModelTransform"; Value = "62.992,31.496,0,0,0,0,0,0,0"; VariantName = "[No Variations]"
Add component (AddParameter): Name = "Supplier"; Value = "LCSC"; VariantName = "[No Variations]"
Add component (AddParameter): Name = "Supplier Footprint"; Value = "0603"; VariantName = "[No Variations]"
Add component (AddParameter): Name = "SupplierPart"; Value = "C1591"; VariantName = "[No Variations]"
Add component (AddParameter): Name = "Symbol"; Value = "CL10B104KB8NNNC"; VariantName = "[No Variations]"
Add component (AddParameter): Name = "Temperature Coefficient"; Value = "X7R"; VariantName = "[No Variations]"
Add component (AddParameter): Name = "Tolerance"; Value = "±10%"; VariantName = "[No Variations]"
Add component (AddParameter): Name = "Value"; Value = "100nF"; VariantName = "[No Variations]"
Add component (AddParameter): Name = "Voltage Rating"; Value = "50V"; VariantName = "[No Variations]"
Added Component: Designator=C13(C0603)
Add component (AddParameter): Name = "AddInBom"; Value = "yes"; VariantName = "[No Variations]"
Add component (AddParameter): Name = "ConvertToPcb"; Value = "yes"; VariantName = "[No Variations]"
Add component (AddParameter): Name = "Datasheet"; Value = "https://item.szlcsc.com/datasheet/CL10B104KB8NNNC/1943.html"; VariantName = "[No Variations]"
Add component (AddParameter): Name = "FootprintName"; Value = "C0603"; VariantName = "[No Variations]"
Add component (AddParameter): Name = "JLCPCB Part Class"; Value = "Extended Part"; VariantName = "[No Variations]"
Add component (AddParameter): Name = "LCSC Part Name"; Value = "100nF ±10% 50V"; VariantName = "[No Variations]"
Add component (AddParameter): Name = "Manufacturer"; Value = "SAMSUNG(三星)"; VariantName = "[No Variations]"
Add component (AddParameter): Name = "ManufacturerPart"; Value = "CL10B104KB8NNNC"; VariantName = "[No Variations]"
Add component (AddParameter): Name = "ModelId"; Value = "ac125912035d415993ca9572d50418b1"; VariantName = "[No Variations]"
Add component (AddParameter): Name = "ModelName"; Value = "C0603_L1.6-W0.8-H0.8"; VariantName = "[No Variations]"
Add component (AddParameter): Name = "ModelTransform"; Value = "62.992,31.496,0,0,0,0,0,0,0"; VariantName = "[No Variations]"
Add component (AddParameter): Name = "Supplier"; Value = "LCSC"; VariantName = "[No Variations]"
Add component (AddParameter): Name = "Supplier Footprint"; Value = "0603"; VariantName = "[No Variations]"
Add component (AddParameter): Name = "SupplierPart"; Value = "C1591"; VariantName = "[No Variations]"
Add component (AddParameter): Name = "Symbol"; Value = "CL10B104KB8NNNC"; VariantName = "[No Variations]"
Add component (AddParameter): Name = "Temperature Coefficient"; Value = "X7R"; VariantName = "[No Variations]"
Add component (AddParameter): Name = "Tolerance"; Value = "±10%"; VariantName = "[No Variations]"
Add component (AddParameter): Name = "Value"; Value = "100nF"; VariantName = "[No Variations]"
Add component (AddParameter): Name = "Voltage Rating"; Value = "50V"; VariantName = "[No Variations]"
Added Component: Designator=H1(HDR-TH_4P-P2.54-V-M)
Add component (AddParameter): Name = "AddInBom"; Value = "yes"; VariantName = "[No Variations]"
Add component (AddParameter): Name = "Circluar Pins/Square Pins"; Value = "方针"; VariantName = "[No Variations]"
Add component (AddParameter): Name = "Color"; Value = "黑色"; VariantName = "[No Variations]"
Add component (AddParameter): Name = "Contact Material"; Value = "-"; VariantName = "[No Variations]"
Add component (AddParameter): Name = "ConvertToPcb"; Value = "yes"; VariantName = "[No Variations]"
Add component (AddParameter): Name = "Current Rating"; Value = "3A"; VariantName = "[No Variations]"
Add component (AddParameter): Name = "Datasheet"; Value = "https://item.szlcsc.com/datasheet/PZ254V-11-04P/2801085.html"; VariantName = "[No Variations]"
Add component (AddParameter): Name = "FootprintName"; Value = "HDR-TH_4P-P2.54-V-M"; VariantName = "[No Variations]"
Add component (AddParameter): Name = "Insulation Height"; Value = "2.5mm"; VariantName = "[No Variations]"
Add component (AddParameter): Name = "JLCPCB Part Class"; Value = "Extended Part"; VariantName = "[No Variations]"
Add component (AddParameter): Name = "LCSC Part Name"; Value = "1x4P 间距:2.54mm 方针 直插"; VariantName = "[No Variations]"
Add component (AddParameter): Name = "Length of End Connection Pin"; Value = "3mm"; VariantName = "[No Variations]"
Add component (AddParameter): Name = "Length of Mating Pin"; Value = "6mm"; VariantName = "[No Variations]"
Add component (AddParameter): Name = "Manufacturer"; Value = "XFCN(兴飞)"; VariantName = "[No Variations]"
Add component (AddParameter): Name = "ManufacturerPart"; Value = "PZ254V-11-04P"; VariantName = "[No Variations]"
Add component (AddParameter): Name = "ModelId"; Value = "112f4d05e8d64e99ab9a333894bea4f9"; VariantName = "[No Variations]"
Add component (AddParameter): Name = "ModelName"; Value = "HDR-TH_4P-P2.54-M-LI-1X4P"; VariantName = "[No Variations]"
Add component (AddParameter): Name = "ModelTransform"; Value = "399.999,104.7242,0,0,0,0,0,0,-118.11"; VariantName = "[No Variations]"
Add component (AddParameter): Name = "Mounting Type"; Value = "直插"; VariantName = "[No Variations]"
Add component (AddParameter): Name = "Number of Pins"; Value = "4P"; VariantName = "[No Variations]"
Add component (AddParameter): Name = "Number of Rows"; Value = "单排"; VariantName = "[No Variations]"
Add component (AddParameter): Name = "Operating Temperature"; Value = "-40℃~+105℃"; VariantName = "[No Variations]"
Add component (AddParameter): Name = "Pin Structure"; Value = "1x4P"; VariantName = "[No Variations]"
Add component (AddParameter): Name = "Pitch"; Value = "2.54mm"; VariantName = "[No Variations]"
Add component (AddParameter): Name = "Row Spacing"; Value = "-"; VariantName = "[No Variations]"
Add component (AddParameter): Name = "Supplier"; Value = "LCSC"; VariantName = "[No Variations]"
Add component (AddParameter): Name = "Supplier Footprint"; Value = "插件,P=2.54mm"; VariantName = "[No Variations]"
Add component (AddParameter): Name = "SupplierPart"; Value = "C2691448"; VariantName = "[No Variations]"
Add component (AddParameter): Name = "Symbol"; Value = "PZ254V-11-04P_C2691448"; VariantName = "[No Variations]"
Add component (AddParameter): Name = "Voltage Rating (Max)"; Value = "250V"; VariantName = "[No Variations]"
Added Component: Designator=H2(HDR-TH_4P-P2.54-V-M)
Add component (AddParameter): Name = "AddInBom"; Value = "yes"; VariantName = "[No Variations]"
Add component (AddParameter): Name = "Circluar Pins/Square Pins"; Value = "方针"; VariantName = "[No Variations]"
Add component (AddParameter): Name = "Color"; Value = "黑色"; VariantName = "[No Variations]"
Add component (AddParameter): Name = "Contact Material"; Value = "-"; VariantName = "[No Variations]"
Add component (AddParameter): Name = "ConvertToPcb"; Value = "yes"; VariantName = "[No Variations]"
Add component (AddParameter): Name = "Current Rating"; Value = "3A"; VariantName = "[No Variations]"
Add component (AddParameter): Name = "Datasheet"; Value = "https://item.szlcsc.com/datasheet/PZ254V-11-04P/2801085.html"; VariantName = "[No Variations]"
Add component (AddParameter): Name = "FootprintName"; Value = "HDR-TH_4P-P2.54-V-M"; VariantName = "[No Variations]"
Add component (AddParameter): Name = "Insulation Height"; Value = "2.5mm"; VariantName = "[No Variations]"
Add component (AddParameter): Name = "JLCPCB Part Class"; Value = "Extended Part"; VariantName = "[No Variations]"
Add component (AddParameter): Name = "LCSC Part Name"; Value = "1x4P 间距:2.54mm 方针 直插"; VariantName = "[No Variations]"
Add component (AddParameter): Name = "Length of End Connection Pin"; Value = "3mm"; VariantName = "[No Variations]"
Add component (AddParameter): Name = "Length of Mating Pin"; Value = "6mm"; VariantName = "[No Variations]"
Add component (AddParameter): Name = "Manufacturer"; Value = "XFCN(兴飞)"; VariantName = "[No Variations]"
Add component (AddParameter): Name = "ManufacturerPart"; Value = "PZ254V-11-04P"; VariantName = "[No Variations]"
Add component (AddParameter): Name = "ModelId"; Value = "112f4d05e8d64e99ab9a333894bea4f9"; VariantName = "[No Variations]"
Add component (AddParameter): Name = "ModelName"; Value = "HDR-TH_4P-P2.54-M-LI-1X4P"; VariantName = "[No Variations]"
Add component (AddParameter): Name = "ModelTransform"; Value = "399.999,104.7242,0,0,0,0,0,0,-118.11"; VariantName = "[No Variations]"
Add component (AddParameter): Name = "Mounting Type"; Value = "直插"; VariantName = "[No Variations]"
Add component (AddParameter): Name = "Number of Pins"; Value = "4P"; VariantName = "[No Variations]"
Add component (AddParameter): Name = "Number of Rows"; Value = "单排"; VariantName = "[No Variations]"
Add component (AddParameter): Name = "Operating Temperature"; Value = "-40℃~+105℃"; VariantName = "[No Variations]"
Add component (AddParameter): Name = "Pin Structure"; Value = "1x4P"; VariantName = "[No Variations]"
Add component (AddParameter): Name = "Pitch"; Value = "2.54mm"; VariantName = "[No Variations]"
Add component (AddParameter): Name = "Row Spacing"; Value = "-"; VariantName = "[No Variations]"
Add component (AddParameter): Name = "Supplier"; Value = "LCSC"; VariantName = "[No Variations]"
Add component (AddParameter): Name = "Supplier Footprint"; Value = "插件,P=2.54mm"; VariantName = "[No Variations]"
Add component (AddParameter): Name = "SupplierPart"; Value = "C2691448"; VariantName = "[No Variations]"
Add component (AddParameter): Name = "Symbol"; Value = "PZ254V-11-04P_C2691448"; VariantName = "[No Variations]"
Add component (AddParameter): Name = "Voltage Rating (Max)"; Value = "250V"; VariantName = "[No Variations]"
Added Component: Designator=H3(HDR-TH_4P-P2.54-V-M)
Add component (AddParameter): Name = "AddInBom"; Value = "yes"; VariantName = "[No Variations]"
Add component (AddParameter): Name = "Circluar Pins/Square Pins"; Value = "方针"; VariantName = "[No Variations]"
Add component (AddParameter): Name = "Color"; Value = "黑色"; VariantName = "[No Variations]"
Add component (AddParameter): Name = "Contact Material"; Value = "-"; VariantName = "[No Variations]"
Add component (AddParameter): Name = "ConvertToPcb"; Value = "yes"; VariantName = "[No Variations]"
Add component (AddParameter): Name = "Current Rating"; Value = "3A"; VariantName = "[No Variations]"
Add component (AddParameter): Name = "Datasheet"; Value = "https://item.szlcsc.com/datasheet/PZ254V-11-04P/2801085.html"; VariantName = "[No Variations]"
Add component (AddParameter): Name = "FootprintName"; Value = "HDR-TH_4P-P2.54-V-M"; VariantName = "[No Variations]"
Add component (AddParameter): Name = "Insulation Height"; Value = "2.5mm"; VariantName = "[No Variations]"
Add component (AddParameter): Name = "JLCPCB Part Class"; Value = "Extended Part"; VariantName = "[No Variations]"
Add component (AddParameter): Name = "LCSC Part Name"; Value = "1x4P 间距:2.54mm 方针 直插"; VariantName = "[No Variations]"
Add component (AddParameter): Name = "Length of End Connection Pin"; Value = "3mm"; VariantName = "[No Variations]"
Add component (AddParameter): Name = "Length of Mating Pin"; Value = "6mm"; VariantName = "[No Variations]"
Add component (AddParameter): Name = "Manufacturer"; Value = "XFCN(兴飞)"; VariantName = "[No Variations]"
Add component (AddParameter): Name = "ManufacturerPart"; Value = "PZ254V-11-04P"; VariantName = "[No Variations]"
Add component (AddParameter): Name = "ModelId"; Value = "112f4d05e8d64e99ab9a333894bea4f9"; VariantName = "[No Variations]"
Add component (AddParameter): Name = "ModelName"; Value = "HDR-TH_4P-P2.54-M-LI-1X4P"; VariantName = "[No Variations]"
Add component (AddParameter): Name = "ModelTransform"; Value = "399.999,104.7242,0,0,0,0,0,0,-118.11"; VariantName = "[No Variations]"
Add component (AddParameter): Name = "Mounting Type"; Value = "直插"; VariantName = "[No Variations]"
Add component (AddParameter): Name = "Number of Pins"; Value = "4P"; VariantName = "[No Variations]"
Add component (AddParameter): Name = "Number of Rows"; Value = "单排"; VariantName = "[No Variations]"
Add component (AddParameter): Name = "Operating Temperature"; Value = "-40℃~+105℃"; VariantName = "[No Variations]"
Add component (AddParameter): Name = "Pin Structure"; Value = "1x4P"; VariantName = "[No Variations]"
Add component (AddParameter): Name = "Pitch"; Value = "2.54mm"; VariantName = "[No Variations]"
Add component (AddParameter): Name = "Row Spacing"; Value = "-"; VariantName = "[No Variations]"
Add component (AddParameter): Name = "Supplier"; Value = "LCSC"; VariantName = "[No Variations]"
Add component (AddParameter): Name = "Supplier Footprint"; Value = "插件,P=2.54mm"; VariantName = "[No Variations]"
Add component (AddParameter): Name = "SupplierPart"; Value = "C2691448"; VariantName = "[No Variations]"
Add component (AddParameter): Name = "Symbol"; Value = "PZ254V-11-04P_C2691448"; VariantName = "[No Variations]"
Add component (AddParameter): Name = "Voltage Rating (Max)"; Value = "250V"; VariantName = "[No Variations]"
Added Component: Designator=Q1(SOT-23-3_L2.9-W1.6-P1.90-LS2.8-BR)
Add component (AddParameter): Name = "AddInBom"; Value = "yes"; VariantName = "[No Variations]"
Add component (AddParameter): Name = "Collector - Emitter Voltage VCEO"; Value = "40V"; VariantName = "[No Variations]"
Add component (AddParameter): Name = "ConvertToPcb"; Value = "yes"; VariantName = "[No Variations]"
Add component (AddParameter): Name = "Current - Collector Cutoff"; Value = "50nA"; VariantName = "[No Variations]"
Add component (AddParameter): Name = "Current - Collector(Ic)"; Value = "200mA"; VariantName = "[No Variations]"
Add component (AddParameter): Name = "Datasheet"; Value = "https://item.szlcsc.com/datasheet/MMBT3904LT1G/82615.html"; VariantName = "[No Variations]"
Add component (AddParameter): Name = "DC Current Gain"; Value = "40@0.1mA,1.0V"; VariantName = "[No Variations]"
Add component (AddParameter): Name = "FootprintName"; Value = "SOT-23-3_L2.9-W1.6-P1.90-LS2.8-BR"; VariantName = "[No Variations]"
Add component (AddParameter): Name = "JLCPCB Part Class"; Value = "Extended Part"; VariantName = "[No Variations]"
Add component (AddParameter): Name = "LCSC Part Name"; Value = "NPN 电流:200mA 电压:40V"; VariantName = "[No Variations]"
Add component (AddParameter): Name = "Manufacturer"; Value = "onsemi(安森美)"; VariantName = "[No Variations]"
Add component (AddParameter): Name = "ManufacturerPart"; Value = "MMBT3904LT1G"; VariantName = "[No Variations]"
Add component (AddParameter): Name = "ModelId"; Value = "89cb27a44ab2466697082bb9fd73a7d0"; VariantName = "[No Variations]"
Add component (AddParameter): Name = "ModelName"; Value = "SOT-23-3L_L2.9-W1.6-H1.1-LS2.8-P0.95"; VariantName = "[No Variations]"
Add component (AddParameter): Name = "ModelTransform"; Value = "114.173,110.236,0,90,0,0,0,0,0"; VariantName = "[No Variations]"
Add component (AddParameter): Name = "Operating Temperature"; Value = "-55℃~+150℃"; VariantName = "[No Variations]"
Add component (AddParameter): Name = "Pd - Power Dissipation"; Value = "225mW"; VariantName = "[No Variations]"
Add component (AddParameter): Name = "Supplier"; Value = "LCSC"; VariantName = "[No Variations]"
Add component (AddParameter): Name = "Supplier Footprint"; Value = "SOT-23"; VariantName = "[No Variations]"
Add component (AddParameter): Name = "SupplierPart"; Value = "C81464"; VariantName = "[No Variations]"
Add component (AddParameter): Name = "Symbol"; Value = "MMBT3904LT1G"; VariantName = "[No Variations]"
Add component (AddParameter): Name = "Transition frequency(fT)"; Value = "300MHz"; VariantName = "[No Variations]"
Add component (AddParameter): Name = "type"; Value = "NPN"; VariantName = "[No Variations]"
Add component (AddParameter): Name = "Vce Saturation(VCE(sat))"; Value = "200mV"; VariantName = "[No Variations]"
Added Component: Designator=R1(R0603)
Add component (AddParameter): Name = "AddInBom"; Value = "yes"; VariantName = "[No Variations]"
Add component (AddParameter): Name = "ConvertToPcb"; Value = "yes"; VariantName = "[No Variations]"
Add component (AddParameter): Name = "Datasheet"; Value = ""; VariantName = "[No Variations]"
Add component (AddParameter): Name = "FootprintName"; Value = "R0603"; VariantName = "[No Variations]"
Add component (AddParameter): Name = "JLCPCB Part Class"; Value = "Extended Part"; VariantName = "[No Variations]"
Add component (AddParameter): Name = "LCSC Part Name"; Value = "1kΩ ±1% 100mW 厚膜电阻"; VariantName = "[No Variations]"
Add component (AddParameter): Name = "Manufacturer"; Value = "FOJAN(富捷)"; VariantName = "[No Variations]"
Add component (AddParameter): Name = "ManufacturerPart"; Value = "FRC0603F1001TS"; VariantName = "[No Variations]"
Add component (AddParameter): Name = "ModelId"; Value = "fc143cca1e79419f9cd78b61e9279f08"; VariantName = "[No Variations]"
Add component (AddParameter): Name = "ModelName"; Value = "R0603"; VariantName = "[No Variations]"
Add component (AddParameter): Name = "ModelTransform"; Value = "31.8897,63.7794,0,90,0,0,0,0,0"; VariantName = "[No Variations]"
Add component (AddParameter): Name = "Operating Temperature"; Value = "-55℃~+155℃"; VariantName = "[No Variations]"
Add component (AddParameter): Name = "Power(Watts)"; Value = "100mW"; VariantName = "[No Variations]"
Add component (AddParameter): Name = "Supplier"; Value = "LCSC"; VariantName = "[No Variations]"
Add component (AddParameter): Name = "Supplier Footprint"; Value = "0603"; VariantName = "[No Variations]"
Add component (AddParameter): Name = "SupplierPart"; Value = "C2907002"; VariantName = "[No Variations]"
Add component (AddParameter): Name = "Symbol"; Value = "FRC0603F1001TS"; VariantName = "[No Variations]"
Add component (AddParameter): Name = "Temperature Coefficient"; Value = "±100ppm/℃"; VariantName = "[No Variations]"
Add component (AddParameter): Name = "Tolerance"; Value = "±1%"; VariantName = "[No Variations]"
Add component (AddParameter): Name = "Type"; Value = "厚膜电阻"; VariantName = "[No Variations]"
Add component (AddParameter): Name = "Value"; Value = "1kΩ"; VariantName = "[No Variations]"
Add component (AddParameter): Name = "Voltage-Supply(Max)"; Value = "75V"; VariantName = "[No Variations]"
Added Component: Designator=R2(R0603)
Add component (AddParameter): Name = "AddInBom"; Value = "yes"; VariantName = "[No Variations]"
Add component (AddParameter): Name = "ConvertToPcb"; Value = "yes"; VariantName = "[No Variations]"
Add component (AddParameter): Name = "Datasheet"; Value = ""; VariantName = "[No Variations]"
Add component (AddParameter): Name = "FootprintName"; Value = "R0603"; VariantName = "[No Variations]"
Add component (AddParameter): Name = "JLCPCB Part Class"; Value = "Extended Part"; VariantName = "[No Variations]"
Add component (AddParameter): Name = "LCSC Part Name"; Value = "1kΩ ±1% 100mW 厚膜电阻"; VariantName = "[No Variations]"
Add component (AddParameter): Name = "Manufacturer"; Value = "FOJAN(富捷)"; VariantName = "[No Variations]"
Add component (AddParameter): Name = "ManufacturerPart"; Value = "FRC0603F1001TS"; VariantName = "[No Variations]"
Add component (AddParameter): Name = "ModelId"; Value = "fc143cca1e79419f9cd78b61e9279f08"; VariantName = "[No Variations]"
Add component (AddParameter): Name = "ModelName"; Value = "R0603"; VariantName = "[No Variations]"
Add component (AddParameter): Name = "ModelTransform"; Value = "31.8897,63.7794,0,90,0,0,0,0,0"; VariantName = "[No Variations]"
Add component (AddParameter): Name = "Operating Temperature"; Value = "-55℃~+155℃"; VariantName = "[No Variations]"
Add component (AddParameter): Name = "Power(Watts)"; Value = "100mW"; VariantName = "[No Variations]"
Add component (AddParameter): Name = "Supplier"; Value = "LCSC"; VariantName = "[No Variations]"
Add component (AddParameter): Name = "Supplier Footprint"; Value = "0603"; VariantName = "[No Variations]"
Add component (AddParameter): Name = "SupplierPart"; Value = "C2907002"; VariantName = "[No Variations]"
Add component (AddParameter): Name = "Symbol"; Value = "FRC0603F1001TS"; VariantName = "[No Variations]"
Add component (AddParameter): Name = "Temperature Coefficient"; Value = "±100ppm/℃"; VariantName = "[No Variations]"
Add component (AddParameter): Name = "Tolerance"; Value = "±1%"; VariantName = "[No Variations]"
Add component (AddParameter): Name = "Type"; Value = "厚膜电阻"; VariantName = "[No Variations]"
Add component (AddParameter): Name = "Value"; Value = "1kΩ"; VariantName = "[No Variations]"
Add component (AddParameter): Name = "Voltage-Supply(Max)"; Value = "75V"; VariantName = "[No Variations]"
Added Component: Designator=R3(R0603)
Add component (AddParameter): Name = "AddInBom"; Value = "yes"; VariantName = "[No Variations]"
Add component (AddParameter): Name = "ConvertToPcb"; Value = "yes"; VariantName = "[No Variations]"
Add component (AddParameter): Name = "Datasheet"; Value = ""; VariantName = "[No Variations]"
Add component (AddParameter): Name = "FootprintName"; Value = "R0603"; VariantName = "[No Variations]"
Add component (AddParameter): Name = "JLCPCB Part Class"; Value = "Extended Part"; VariantName = "[No Variations]"
Add component (AddParameter): Name = "LCSC Part Name"; Value = "1kΩ ±1% 100mW 厚膜电阻"; VariantName = "[No Variations]"
Add component (AddParameter): Name = "Manufacturer"; Value = "FOJAN(富捷)"; VariantName = "[No Variations]"
Add component (AddParameter): Name = "ManufacturerPart"; Value = "FRC0603F1001TS"; VariantName = "[No Variations]"
Add component (AddParameter): Name = "ModelId"; Value = "fc143cca1e79419f9cd78b61e9279f08"; VariantName = "[No Variations]"
Add component (AddParameter): Name = "ModelName"; Value = "R0603"; VariantName = "[No Variations]"
Add component (AddParameter): Name = "ModelTransform"; Value = "31.8897,63.7794,0,90,0,0,0,0,0"; VariantName = "[No Variations]"
Add component (AddParameter): Name = "Operating Temperature"; Value = "-55℃~+155℃"; VariantName = "[No Variations]"
Add component (AddParameter): Name = "Power(Watts)"; Value = "100mW"; VariantName = "[No Variations]"
Add component (AddParameter): Name = "Supplier"; Value = "LCSC"; VariantName = "[No Variations]"
Add component (AddParameter): Name = "Supplier Footprint"; Value = "0603"; VariantName = "[No Variations]"
Add component (AddParameter): Name = "SupplierPart"; Value = "C2907002"; VariantName = "[No Variations]"
Add component (AddParameter): Name = "Symbol"; Value = "FRC0603F1001TS"; VariantName = "[No Variations]"
Add component (AddParameter): Name = "Temperature Coefficient"; Value = "±100ppm/℃"; VariantName = "[No Variations]"
Add component (AddParameter): Name = "Tolerance"; Value = "±1%"; VariantName = "[No Variations]"
Add component (AddParameter): Name = "Type"; Value = "厚膜电阻"; VariantName = "[No Variations]"
Add component (AddParameter): Name = "Value"; Value = "1kΩ"; VariantName = "[No Variations]"
Add component (AddParameter): Name = "Voltage-Supply(Max)"; Value = "75V"; VariantName = "[No Variations]"
Added Component: Designator=R4(R0603)
Add component (AddParameter): Name = "AddInBom"; Value = "yes"; VariantName = "[No Variations]"
Add component (AddParameter): Name = "ConvertToPcb"; Value = "yes"; VariantName = "[No Variations]"
Add component (AddParameter): Name = "Datasheet"; Value = ""; VariantName = "[No Variations]"
Add component (AddParameter): Name = "FootprintName"; Value = "R0603"; VariantName = "[No Variations]"
Add component (AddParameter): Name = "JLCPCB Part Class"; Value = "Extended Part"; VariantName = "[No Variations]"
Add component (AddParameter): Name = "LCSC Part Name"; Value = "1kΩ ±1% 100mW 厚膜电阻"; VariantName = "[No Variations]"
Add component (AddParameter): Name = "Manufacturer"; Value = "FOJAN(富捷)"; VariantName = "[No Variations]"
Add component (AddParameter): Name = "ManufacturerPart"; Value = "FRC0603F1001TS"; VariantName = "[No Variations]"
Add component (AddParameter): Name = "ModelId"; Value = "fc143cca1e79419f9cd78b61e9279f08"; VariantName = "[No Variations]"
Add component (AddParameter): Name = "ModelName"; Value = "R0603"; VariantName = "[No Variations]"
Add component (AddParameter): Name = "ModelTransform"; Value = "31.8897,63.7794,0,90,0,0,0,0,0"; VariantName = "[No Variations]"
Add component (AddParameter): Name = "Operating Temperature"; Value = "-55℃~+155℃"; VariantName = "[No Variations]"
Add component (AddParameter): Name = "Power(Watts)"; Value = "100mW"; VariantName = "[No Variations]"
Add component (AddParameter): Name = "Supplier"; Value = "LCSC"; VariantName = "[No Variations]"
Add component (AddParameter): Name = "Supplier Footprint"; Value = "0603"; VariantName = "[No Variations]"
Add component (AddParameter): Name = "SupplierPart"; Value = "C2907002"; VariantName = "[No Variations]"
Add component (AddParameter): Name = "Symbol"; Value = "FRC0603F1001TS"; VariantName = "[No Variations]"
Add component (AddParameter): Name = "Temperature Coefficient"; Value = "±100ppm/℃"; VariantName = "[No Variations]"
Add component (AddParameter): Name = "Tolerance"; Value = "±1%"; VariantName = "[No Variations]"
Add component (AddParameter): Name = "Type"; Value = "厚膜电阻"; VariantName = "[No Variations]"
Add component (AddParameter): Name = "Value"; Value = "1kΩ"; VariantName = "[No Variations]"
Add component (AddParameter): Name = "Voltage-Supply(Max)"; Value = "75V"; VariantName = "[No Variations]"
Added Component: Designator=R5(R0603)
Add component (AddParameter): Name = "AddInBom"; Value = "yes"; VariantName = "[No Variations]"
Add component (AddParameter): Name = "ConvertToPcb"; Value = "yes"; VariantName = "[No Variations]"
Add component (AddParameter): Name = "Datasheet"; Value = ""; VariantName = "[No Variations]"
Add component (AddParameter): Name = "FootprintName"; Value = "R0603"; VariantName = "[No Variations]"
Add component (AddParameter): Name = "JLCPCB Part Class"; Value = "Extended Part"; VariantName = "[No Variations]"
Add component (AddParameter): Name = "LCSC Part Name"; Value = "1kΩ ±1% 100mW 厚膜电阻"; VariantName = "[No Variations]"
Add component (AddParameter): Name = "Manufacturer"; Value = "FOJAN(富捷)"; VariantName = "[No Variations]"
Add component (AddParameter): Name = "ManufacturerPart"; Value = "FRC0603F1001TS"; VariantName = "[No Variations]"
Add component (AddParameter): Name = "ModelId"; Value = "fc143cca1e79419f9cd78b61e9279f08"; VariantName = "[No Variations]"
Add component (AddParameter): Name = "ModelName"; Value = "R0603"; VariantName = "[No Variations]"
Add component (AddParameter): Name = "ModelTransform"; Value = "31.8897,63.7794,0,90,0,0,0,0,0"; VariantName = "[No Variations]"
Add component (AddParameter): Name = "Operating Temperature"; Value = "-55℃~+155℃"; VariantName = "[No Variations]"
Add component (AddParameter): Name = "Power(Watts)"; Value = "100mW"; VariantName = "[No Variations]"
Add component (AddParameter): Name = "Supplier"; Value = "LCSC"; VariantName = "[No Variations]"
Add component (AddParameter): Name = "Supplier Footprint"; Value = "0603"; VariantName = "[No Variations]"
Add component (AddParameter): Name = "SupplierPart"; Value = "C2907002"; VariantName = "[No Variations]"
Add component (AddParameter): Name = "Symbol"; Value = "FRC0603F1001TS"; VariantName = "[No Variations]"
Add component (AddParameter): Name = "Temperature Coefficient"; Value = "±100ppm/℃"; VariantName = "[No Variations]"
Add component (AddParameter): Name = "Tolerance"; Value = "±1%"; VariantName = "[No Variations]"
Add component (AddParameter): Name = "Type"; Value = "厚膜电阻"; VariantName = "[No Variations]"
Add component (AddParameter): Name = "Value"; Value = "1kΩ"; VariantName = "[No Variations]"
Add component (AddParameter): Name = "Voltage-Supply(Max)"; Value = "75V"; VariantName = "[No Variations]"
Added Component: Designator=R6(R0603)
Add component (AddParameter): Name = "AddInBom"; Value = "yes"; VariantName = "[No Variations]"
Add component (AddParameter): Name = "ConvertToPcb"; Value = "yes"; VariantName = "[No Variations]"
Add component (AddParameter): Name = "Datasheet"; Value = ""; VariantName = "[No Variations]"
Add component (AddParameter): Name = "FootprintName"; Value = "R0603"; VariantName = "[No Variations]"
Add component (AddParameter): Name = "JLCPCB Part Class"; Value = "Extended Part"; VariantName = "[No Variations]"
Add component (AddParameter): Name = "LCSC Part Name"; Value = "1kΩ ±1% 100mW 厚膜电阻"; VariantName = "[No Variations]"
Add component (AddParameter): Name = "Manufacturer"; Value = "FOJAN(富捷)"; VariantName = "[No Variations]"
Add component (AddParameter): Name = "ManufacturerPart"; Value = "FRC0603F1001TS"; VariantName = "[No Variations]"
Add component (AddParameter): Name = "ModelId"; Value = "fc143cca1e79419f9cd78b61e9279f08"; VariantName = "[No Variations]"
Add component (AddParameter): Name = "ModelName"; Value = "R0603"; VariantName = "[No Variations]"
Add component (AddParameter): Name = "ModelTransform"; Value = "31.8897,63.7794,0,90,0,0,0,0,0"; VariantName = "[No Variations]"
Add component (AddParameter): Name = "Operating Temperature"; Value = "-55℃~+155℃"; VariantName = "[No Variations]"
Add component (AddParameter): Name = "Power(Watts)"; Value = "100mW"; VariantName = "[No Variations]"
Add component (AddParameter): Name = "Supplier"; Value = "LCSC"; VariantName = "[No Variations]"
Add component (AddParameter): Name = "Supplier Footprint"; Value = "0603"; VariantName = "[No Variations]"
Add component (AddParameter): Name = "SupplierPart"; Value = "C2907002"; VariantName = "[No Variations]"
Add component (AddParameter): Name = "Symbol"; Value = "FRC0603F1001TS"; VariantName = "[No Variations]"
Add component (AddParameter): Name = "Temperature Coefficient"; Value = "±100ppm/℃"; VariantName = "[No Variations]"
Add component (AddParameter): Name = "Tolerance"; Value = "±1%"; VariantName = "[No Variations]"
Add component (AddParameter): Name = "Type"; Value = "厚膜电阻"; VariantName = "[No Variations]"
Add component (AddParameter): Name = "Value"; Value = "1kΩ"; VariantName = "[No Variations]"
Add component (AddParameter): Name = "Voltage-Supply(Max)"; Value = "75V"; VariantName = "[No Variations]"
Added Component: Designator=R7(R0603)
Add component (AddParameter): Name = "AddInBom"; Value = "yes"; VariantName = "[No Variations]"
Add component (AddParameter): Name = "ConvertToPcb"; Value = "yes"; VariantName = "[No Variations]"
Add component (AddParameter): Name = "Datasheet"; Value = ""; VariantName = "[No Variations]"
Add component (AddParameter): Name = "FootprintName"; Value = "R0603"; VariantName = "[No Variations]"
Add component (AddParameter): Name = "JLCPCB Part Class"; Value = "Extended Part"; VariantName = "[No Variations]"
Add component (AddParameter): Name = "LCSC Part Name"; Value = "1kΩ ±1% 100mW 厚膜电阻"; VariantName = "[No Variations]"
Add component (AddParameter): Name = "Manufacturer"; Value = "FOJAN(富捷)"; VariantName = "[No Variations]"
Add component (AddParameter): Name = "ManufacturerPart"; Value = "FRC0603F1001TS"; VariantName = "[No Variations]"
Add component (AddParameter): Name = "ModelId"; Value = "fc143cca1e79419f9cd78b61e9279f08"; VariantName = "[No Variations]"
Add component (AddParameter): Name = "ModelName"; Value = "R0603"; VariantName = "[No Variations]"
Add component (AddParameter): Name = "ModelTransform"; Value = "31.8897,63.7794,0,90,0,0,0,0,0"; VariantName = "[No Variations]"
Add component (AddParameter): Name = "Operating Temperature"; Value = "-55℃~+155℃"; VariantName = "[No Variations]"
Add component (AddParameter): Name = "Power(Watts)"; Value = "100mW"; VariantName = "[No Variations]"
Add component (AddParameter): Name = "Supplier"; Value = "LCSC"; VariantName = "[No Variations]"
Add component (AddParameter): Name = "Supplier Footprint"; Value = "0603"; VariantName = "[No Variations]"
Add component (AddParameter): Name = "SupplierPart"; Value = "C2907002"; VariantName = "[No Variations]"
Add component (AddParameter): Name = "Symbol"; Value = "FRC0603F1001TS"; VariantName = "[No Variations]"
Add component (AddParameter): Name = "Temperature Coefficient"; Value = "±100ppm/℃"; VariantName = "[No Variations]"
Add component (AddParameter): Name = "Tolerance"; Value = "±1%"; VariantName = "[No Variations]"
Add component (AddParameter): Name = "Type"; Value = "厚膜电阻"; VariantName = "[No Variations]"
Add component (AddParameter): Name = "Value"; Value = "1kΩ"; VariantName = "[No Variations]"
Add component (AddParameter): Name = "Voltage-Supply(Max)"; Value = "75V"; VariantName = "[No Variations]"
Added Component: Designator=T1(Contact)
Added Component: Designator=T2(Contact)
Added Component: Designator=T3(Contact)
Added Component: Designator=T4(Contact)
Added Component: Designator=T5(Contact)
Added Component: Designator=T6(Contact)
Added Component: Designator=T7(Contact)
Added Component: Designator=T8(Contact)
Added Component: Designator=T9(Contact)
Added Component: Designator=T10(Contact)
Added Component: Designator=T11(Contact)
Added Component: Designator=T12(Contact)
Added Component: Designator=T13(Contact)
Added Component: Designator=T14(Contact)
Added Component: Designator=T15(Contact)
Added Component: Designator=T16(Contact)
Added Component: Designator=T17(Contact)
Added Component: Designator=T18(Contact)
Added Component: Designator=T19(Contact)
Added Component: Designator=T20(Contact)
Added Component: Designator=T21(Contact)
Added Component: Designator=T22(Contact)
Added Component: Designator=T23(Contact)
Added Component: Designator=T24(Contact)
Added Component: Designator=T25(Contact)
Added Component: Designator=T26(Contact)
Added Component: Designator=T27(Contact)
Added Component: Designator=T28(Contact)
Added Component: Designator=T29(Contact)
Added Component: Designator=T30(Contact)
Added Component: Designator=T31(Contact)
Added Component: Designator=T32(Contact)
Added Component: Designator=T33(Contact)
Added Component: Designator=T34(Contact)
Added Component: Designator=T35(Contact)
Added Component: Designator=T36(Contact)
Added Component: Designator=T37(Contact)
Added Component: Designator=T38(Contact)
Added Component: Designator=T39(Contact)
Added Component: Designator=T40(Contact)
Added Component: Designator=T41(Contact)
Added Component: Designator=T42(Contact)
Added Component: Designator=T43(Contact)
Added Component: Designator=T44(Contact)
Added Component: Designator=T45(Contact)
Added Component: Designator=T46(Contact)
Added Component: Designator=T47(Contact)
Added Component: Designator=T48(Contact)
Added Component: Designator=T49(Contact)
Added Component: Designator=T50(Contact)
Added Component: Designator=T51(Contact)
Added Component: Designator=U1(TSSOP-20_L6.5-W4.4-P0.65-LS6.4-BL)
Add component (AddParameter): Name = "ADC (Bit)"; Value = "12bit"; VariantName = "[No Variations]"
Add component (AddParameter): Name = "AddInBom"; Value = "yes"; VariantName = "[No Variations]"
Add component (AddParameter): Name = "ConvertToPcb"; Value = "yes"; VariantName = "[No Variations]"
Add component (AddParameter): Name = "CPU Core"; Value = "-"; VariantName = "[No Variations]"
Add component (AddParameter): Name = "CPU Maximum Speed"; Value = "32MHz"; VariantName = "[No Variations]"
Add component (AddParameter): Name = "Datasheet"; Value = "https://item.szlcsc.com/datasheet/STM32L031F6P6/116454.html"; VariantName = "[No Variations]"
Add component (AddParameter): Name = "FootprintName"; Value = "TSSOP-20_L6.5-W4.4-P0.65-LS6.4-BL"; VariantName = "[No Variations]"
Add component (AddParameter): Name = "JLCPCB Part Class"; Value = "Extended Part"; VariantName = "[No Variations]"
Add component (AddParameter): Name = "LCSC Part Name"; Value = "超低功耗Arm Cortex-M0+ MCU，具有32-KB Flash存储器和32 MHz CPU"; VariantName = "[No Variations]"
Add component (AddParameter): Name = "Manufacturer"; Value = "ST(意法半导体)"; VariantName = "[No Variations]"
Add component (AddParameter): Name = "ManufacturerPart"; Value = "STM32L031F6P6"; VariantName = "[No Variations]"
Add component (AddParameter): Name = "ModelId"; Value = "c491f68934b34c649df5890a1d97cd0f"; VariantName = "[No Variations]"
Add component (AddParameter): Name = "ModelName"; Value = "TSSOP-20_L6.5-W4.4-H1.0-LS6.4-P0.65"; VariantName = "[No Variations]"
Add component (AddParameter): Name = "ModelTransform"; Value = "251.969,255.906,0,90,0,0,0.0005,0,0"; VariantName = "[No Variations]"
Add component (AddParameter): Name = "Number of I/O"; Value = "15"; VariantName = "[No Variations]"
Add component (AddParameter): Name = "Program Memory Type"; Value = "FLASH"; VariantName = "[No Variations]"
Add component (AddParameter): Name = "Program Storage Size"; Value = "32KB"; VariantName = "[No Variations]"
Add component (AddParameter): Name = "Supplier"; Value = "LCSC"; VariantName = "[No Variations]"
Add component (AddParameter): Name = "Supplier Footprint"; Value = "TSSOP-20"; VariantName = "[No Variations]"
Add component (AddParameter): Name = "SupplierPart"; Value = "C115208"; VariantName = "[No Variations]"
Add component (AddParameter): Name = "Symbol"; Value = "STM32L031F6P6"; VariantName = "[No Variations]"
Add component (AddParameter): Name = "Voltage - Supply"; Value = "1.8V~3.6V"; VariantName = "[No Variations]"
Added Component: Designator=U2(SOIC-16_L9.9-W3.9-P1.27-LS6.0-BL)
Add component (AddParameter): Name = "AddInBom"; Value = "yes"; VariantName = "[No Variations]"
Add component (AddParameter): Name = "Bandwidth"; Value = "-"; VariantName = "[No Variations]"
Add component (AddParameter): Name = "Con"; Value = "-"; VariantName = "[No Variations]"
Add component (AddParameter): Name = "ConvertToPcb"; Value = "yes"; VariantName = "[No Variations]"
Add component (AddParameter): Name = "Datasheet"; Value = "https://item.szlcsc.com/datasheet/74HC4051D%252C653/9915.html"; VariantName = "[No Variations]"
Add component (AddParameter): Name = "Features"; Value = "电平转换"; VariantName = "[No Variations]"
Add component (AddParameter): Name = "FootprintName"; Value = "SOIC-16_L9.9-W3.9-P1.27-LS6.0-BL"; VariantName = "[No Variations]"
Add component (AddParameter): Name = "JLCPCB Part Class"; Value = "Extended Part"; VariantName = "[No Variations]"
Add component (AddParameter): Name = "LCSC Part Name"; Value = "8通道模拟多路复用器/解复用器"; VariantName = "[No Variations]"
Add component (AddParameter): Name = "Manufacturer"; Value = "Nexperia(安世)"; VariantName = "[No Variations]"
Add component (AddParameter): Name = "ManufacturerPart"; Value = "74HC4051D,653"; VariantName = "[No Variations]"
Add component (AddParameter): Name = "ModelId"; Value = "c21ec766ec2643efb3352f8441994f4e"; VariantName = "[No Variations]"
Add component (AddParameter): Name = "ModelName"; Value = "SOIC-16_L9.9-W3.9-H1.8-LS6.0-P1.27"; VariantName = "[No Variations]"
Add component (AddParameter): Name = "ModelTransform"; Value = "389.763,236.454,0,0,0,0,0,0,0"; VariantName = "[No Variations]"
Add component (AddParameter): Name = "Number of Channels"; Value = "1"; VariantName = "[No Variations]"
Add component (AddParameter): Name = "Operating Temperature"; Value = "-40℃~+125℃"; VariantName = "[No Variations]"
Add component (AddParameter): Name = "Propagation Delay (tpd)"; Value = "5ns"; VariantName = "[No Variations]"
Add component (AddParameter): Name = "Ron"; Value = "80Ω"; VariantName = "[No Variations]"
Add component (AddParameter): Name = "Supplier"; Value = "LCSC"; VariantName = "[No Variations]"
Add component (AddParameter): Name = "Supplier Footprint"; Value = "SOIC-16"; VariantName = "[No Variations]"
Add component (AddParameter): Name = "SupplierPart"; Value = "C9386"; VariantName = "[No Variations]"
Add component (AddParameter): Name = "Switch Circuit"; Value = "8:1"; VariantName = "[No Variations]"
Add component (AddParameter): Name = "Symbol"; Value = "74HC4051D,653"; VariantName = "[No Variations]"
Add component (AddParameter): Name = "Turn-off time"; Value = "31ns"; VariantName = "[No Variations]"
Add component (AddParameter): Name = "Turn-on time"; Value = "29ns"; VariantName = "[No Variations]"
Add component (AddParameter): Name = "Voltage - Supply"; Value = "2V~10V"; VariantName = "[No Variations]"
Added Component: Designator=U3(SOIC-16_L9.9-W3.9-P1.27-LS6.0-BL)
Add component (AddParameter): Name = "AddInBom"; Value = "yes"; VariantName = "[No Variations]"
Add component (AddParameter): Name = "Bandwidth"; Value = "-"; VariantName = "[No Variations]"
Add component (AddParameter): Name = "Con"; Value = "-"; VariantName = "[No Variations]"
Add component (AddParameter): Name = "ConvertToPcb"; Value = "yes"; VariantName = "[No Variations]"
Add component (AddParameter): Name = "Datasheet"; Value = "https://item.szlcsc.com/datasheet/74HC4051D%252C653/9915.html"; VariantName = "[No Variations]"
Add component (AddParameter): Name = "Features"; Value = "电平转换"; VariantName = "[No Variations]"
Add component (AddParameter): Name = "FootprintName"; Value = "SOIC-16_L9.9-W3.9-P1.27-LS6.0-BL"; VariantName = "[No Variations]"
Add component (AddParameter): Name = "JLCPCB Part Class"; Value = "Extended Part"; VariantName = "[No Variations]"
Add component (AddParameter): Name = "LCSC Part Name"; Value = "8通道模拟多路复用器/解复用器"; VariantName = "[No Variations]"
Add component (AddParameter): Name = "Manufacturer"; Value = "Nexperia(安世)"; VariantName = "[No Variations]"
Add component (AddParameter): Name = "ManufacturerPart"; Value = "74HC4051D,653"; VariantName = "[No Variations]"
Add component (AddParameter): Name = "ModelId"; Value = "c21ec766ec2643efb3352f8441994f4e"; VariantName = "[No Variations]"
Add component (AddParameter): Name = "ModelName"; Value = "SOIC-16_L9.9-W3.9-H1.8-LS6.0-P1.27"; VariantName = "[No Variations]"
Add component (AddParameter): Name = "ModelTransform"; Value = "389.763,236.454,0,0,0,0,0,0,0"; VariantName = "[No Variations]"
Add component (AddParameter): Name = "Number of Channels"; Value = "1"; VariantName = "[No Variations]"
Add component (AddParameter): Name = "Operating Temperature"; Value = "-40℃~+125℃"; VariantName = "[No Variations]"
Add component (AddParameter): Name = "Propagation Delay (tpd)"; Value = "5ns"; VariantName = "[No Variations]"
Add component (AddParameter): Name = "Ron"; Value = "80Ω"; VariantName = "[No Variations]"
Add component (AddParameter): Name = "Supplier"; Value = "LCSC"; VariantName = "[No Variations]"
Add component (AddParameter): Name = "Supplier Footprint"; Value = "SOIC-16"; VariantName = "[No Variations]"
Add component (AddParameter): Name = "SupplierPart"; Value = "C9386"; VariantName = "[No Variations]"
Add component (AddParameter): Name = "Switch Circuit"; Value = "8:1"; VariantName = "[No Variations]"
Add component (AddParameter): Name = "Symbol"; Value = "74HC4051D,653"; VariantName = "[No Variations]"
Add component (AddParameter): Name = "Turn-off time"; Value = "31ns"; VariantName = "[No Variations]"
Add component (AddParameter): Name = "Turn-on time"; Value = "29ns"; VariantName = "[No Variations]"
Add component (AddParameter): Name = "Voltage - Supply"; Value = "2V~10V"; VariantName = "[No Variations]"
Added Component: Designator=U4(SOT-23-5_L3.0-W1.7-P0.95-LS2.8-BR)
Add component (AddParameter): Name = "AddInBom"; Value = "yes"; VariantName = "[No Variations]"
Add component (AddParameter): Name = "ConvertToPcb"; Value = "yes"; VariantName = "[No Variations]"
Add component (AddParameter): Name = "Datasheet"; Value = "https://www.ti.com/cn/lit/ds/symlink/tlv704.pdf"; VariantName = "[No Variations]"
Add component (AddParameter): Name = "Features"; Value = "短路保护；过流保护；使能控制"; VariantName = "[No Variations]"
Add component (AddParameter): Name = "FootprintName"; Value = "SOT-23-5_L3.0-W1.7-P0.95-LS2.8-BR"; VariantName = "[No Variations]"
Add component (AddParameter): Name = "JLCPCB Part Class"; Value = "Extended Part"; VariantName = "[No Variations]"
Add component (AddParameter): Name = "LCSC Part Name"; Value = "3.3V 150mA 24V"; VariantName = "[No Variations]"
Add component (AddParameter): Name = "Manufacturer"; Value = "TI(德州仪器)"; VariantName = "[No Variations]"
Add component (AddParameter): Name = "ManufacturerPart"; Value = "TLV70433DBVR"; VariantName = "[No Variations]"
Add component (AddParameter): Name = "ModelId"; Value = "0a2a1b8f50944f73965918ad6e5fe167"; VariantName = "[No Variations]"
Add component (AddParameter): Name = "ModelName"; Value = "SOT-23-5_L2.9-W1.6-H1.1-LS2.8-P0.95"; VariantName = "[No Variations]"
Add component (AddParameter): Name = "ModelTransform"; Value = "114.173,109.636,0,180,0,0,0,0,0"; VariantName = "[No Variations]"
Add component (AddParameter): Name = "Noise"; Value = "-"; VariantName = "[No Variations]"
Add component (AddParameter): Name = "Number of Outputs"; Value = "1"; VariantName = "[No Variations]"
Add component (AddParameter): Name = "Operating Temperature"; Value = "-40℃~+125℃@(Tj)"; VariantName = "[No Variations]"
Add component (AddParameter): Name = "Output Configuration"; Value = "正极"; VariantName = "[No Variations]"
Add component (AddParameter): Name = "Output Current"; Value = "150mA"; VariantName = "[No Variations]"
Add component (AddParameter): Name = "Output Type"; Value = "固定"; VariantName = "[No Variations]"
Add component (AddParameter): Name = "Output Voltage"; Value = "3.3V"; VariantName = "[No Variations]"
Add component (AddParameter): Name = "Power Supply Rejection Ratio (PSRR)"; Value = "60dB@(100kHz)"; VariantName = "[No Variations]"
Add component (AddParameter): Name = "standby current"; Value = "3.2uA"; VariantName = "[No Variations]"
Add component (AddParameter): Name = "Supplier"; Value = "LCSC"; VariantName = "[No Variations]"
Add component (AddParameter): Name = "Supplier Footprint"; Value = "SOT-23-5"; VariantName = "[No Variations]"
Add component (AddParameter): Name = "SupplierPart"; Value = "C94917"; VariantName = "[No Variations]"
Add component (AddParameter): Name = "Symbol"; Value = "TLV70433DBVR"; VariantName = "[No Variations]"
Add component (AddParameter): Name = "Voltage - Supply"; Value = "24V"; VariantName = "[No Variations]"
Add component (AddParameter): Name = "Voltage Dropout"; Value = "850mV@(100mA)"; VariantName = "[No Variations]"
Added Component: Designator=U5(SOIC-16_L9.9-W3.9-P1.27-LS6.0-BL)
Add component (AddParameter): Name = "AddInBom"; Value = "yes"; VariantName = "[No Variations]"
Add component (AddParameter): Name = "Bandwidth"; Value = "-"; VariantName = "[No Variations]"
Add component (AddParameter): Name = "Con"; Value = "-"; VariantName = "[No Variations]"
Add component (AddParameter): Name = "ConvertToPcb"; Value = "yes"; VariantName = "[No Variations]"
Add component (AddParameter): Name = "Datasheet"; Value = "https://item.szlcsc.com/datasheet/74HC4051D%252C653/9915.html"; VariantName = "[No Variations]"
Add component (AddParameter): Name = "Features"; Value = "电平转换"; VariantName = "[No Variations]"
Add component (AddParameter): Name = "FootprintName"; Value = "SOIC-16_L9.9-W3.9-P1.27-LS6.0-BL"; VariantName = "[No Variations]"
Add component (AddParameter): Name = "JLCPCB Part Class"; Value = "Extended Part"; VariantName = "[No Variations]"
Add component (AddParameter): Name = "LCSC Part Name"; Value = "8通道模拟多路复用器/解复用器"; VariantName = "[No Variations]"
Add component (AddParameter): Name = "Manufacturer"; Value = "Nexperia(安世)"; VariantName = "[No Variations]"
Add component (AddParameter): Name = "ManufacturerPart"; Value = "74HC4051D,653"; VariantName = "[No Variations]"
Add component (AddParameter): Name = "ModelId"; Value = "c21ec766ec2643efb3352f8441994f4e"; VariantName = "[No Variations]"
Add component (AddParameter): Name = "ModelName"; Value = "SOIC-16_L9.9-W3.9-H1.8-LS6.0-P1.27"; VariantName = "[No Variations]"
Add component (AddParameter): Name = "ModelTransform"; Value = "389.763,236.454,0,0,0,0,0,0,0"; VariantName = "[No Variations]"
Add component (AddParameter): Name = "Number of Channels"; Value = "1"; VariantName = "[No Variations]"
Add component (AddParameter): Name = "Operating Temperature"; Value = "-40℃~+125℃"; VariantName = "[No Variations]"
Add component (AddParameter): Name = "Propagation Delay (tpd)"; Value = "5ns"; VariantName = "[No Variations]"
Add component (AddParameter): Name = "Ron"; Value = "80Ω"; VariantName = "[No Variations]"
Add component (AddParameter): Name = "Supplier"; Value = "LCSC"; VariantName = "[No Variations]"
Add component (AddParameter): Name = "Supplier Footprint"; Value = "SOIC-16"; VariantName = "[No Variations]"
Add component (AddParameter): Name = "SupplierPart"; Value = "C9386"; VariantName = "[No Variations]"
Add component (AddParameter): Name = "Switch Circuit"; Value = "8:1"; VariantName = "[No Variations]"
Add component (AddParameter): Name = "Symbol"; Value = "74HC4051D,653"; VariantName = "[No Variations]"
Add component (AddParameter): Name = "Turn-off time"; Value = "31ns"; VariantName = "[No Variations]"
Add component (AddParameter): Name = "Turn-on time"; Value = "29ns"; VariantName = "[No Variations]"
Add component (AddParameter): Name = "Voltage - Supply"; Value = "2V~10V"; VariantName = "[No Variations]"
Added Component: Designator=U6(SOIC-16_L9.9-W3.9-P1.27-LS6.0-BL)
Add component (AddParameter): Name = "AddInBom"; Value = "yes"; VariantName = "[No Variations]"
Add component (AddParameter): Name = "Bandwidth"; Value = "-"; VariantName = "[No Variations]"
Add component (AddParameter): Name = "Con"; Value = "-"; VariantName = "[No Variations]"
Add component (AddParameter): Name = "ConvertToPcb"; Value = "yes"; VariantName = "[No Variations]"
Add component (AddParameter): Name = "Datasheet"; Value = "https://item.szlcsc.com/datasheet/74HC4051D%252C653/9915.html"; VariantName = "[No Variations]"
Add component (AddParameter): Name = "Features"; Value = "电平转换"; VariantName = "[No Variations]"
Add component (AddParameter): Name = "FootprintName"; Value = "SOIC-16_L9.9-W3.9-P1.27-LS6.0-BL"; VariantName = "[No Variations]"
Add component (AddParameter): Name = "JLCPCB Part Class"; Value = "Extended Part"; VariantName = "[No Variations]"
Add component (AddParameter): Name = "LCSC Part Name"; Value = "8通道模拟多路复用器/解复用器"; VariantName = "[No Variations]"
Add component (AddParameter): Name = "Manufacturer"; Value = "Nexperia(安世)"; VariantName = "[No Variations]"
Add component (AddParameter): Name = "ManufacturerPart"; Value = "74HC4051D,653"; VariantName = "[No Variations]"
Add component (AddParameter): Name = "ModelId"; Value = "c21ec766ec2643efb3352f8441994f4e"; VariantName = "[No Variations]"
Add component (AddParameter): Name = "ModelName"; Value = "SOIC-16_L9.9-W3.9-H1.8-LS6.0-P1.27"; VariantName = "[No Variations]"
Add component (AddParameter): Name = "ModelTransform"; Value = "389.763,236.454,0,0,0,0,0,0,0"; VariantName = "[No Variations]"
Add component (AddParameter): Name = "Number of Channels"; Value = "1"; VariantName = "[No Variations]"
Add component (AddParameter): Name = "Operating Temperature"; Value = "-40℃~+125℃"; VariantName = "[No Variations]"
Add component (AddParameter): Name = "Propagation Delay (tpd)"; Value = "5ns"; VariantName = "[No Variations]"
Add component (AddParameter): Name = "Ron"; Value = "80Ω"; VariantName = "[No Variations]"
Add component (AddParameter): Name = "Supplier"; Value = "LCSC"; VariantName = "[No Variations]"
Add component (AddParameter): Name = "Supplier Footprint"; Value = "SOIC-16"; VariantName = "[No Variations]"
Add component (AddParameter): Name = "SupplierPart"; Value = "C9386"; VariantName = "[No Variations]"
Add component (AddParameter): Name = "Switch Circuit"; Value = "8:1"; VariantName = "[No Variations]"
Add component (AddParameter): Name = "Symbol"; Value = "74HC4051D,653"; VariantName = "[No Variations]"
Add component (AddParameter): Name = "Turn-off time"; Value = "31ns"; VariantName = "[No Variations]"
Add component (AddParameter): Name = "Turn-on time"; Value = "29ns"; VariantName = "[No Variations]"
Add component (AddParameter): Name = "Voltage - Supply"; Value = "2V~10V"; VariantName = "[No Variations]"
Added Component: Designator=U7(SOIC-16_L9.9-W3.9-P1.27-LS6.0-BL)
Add component (AddParameter): Name = "AddInBom"; Value = "yes"; VariantName = "[No Variations]"
Add component (AddParameter): Name = "Bandwidth"; Value = "-"; VariantName = "[No Variations]"
Add component (AddParameter): Name = "Con"; Value = "-"; VariantName = "[No Variations]"
Add component (AddParameter): Name = "ConvertToPcb"; Value = "yes"; VariantName = "[No Variations]"
Add component (AddParameter): Name = "Datasheet"; Value = "https://item.szlcsc.com/datasheet/74HC4051D%252C653/9915.html"; VariantName = "[No Variations]"
Add component (AddParameter): Name = "Features"; Value = "电平转换"; VariantName = "[No Variations]"
Add component (AddParameter): Name = "FootprintName"; Value = "SOIC-16_L9.9-W3.9-P1.27-LS6.0-BL"; VariantName = "[No Variations]"
Add component (AddParameter): Name = "JLCPCB Part Class"; Value = "Extended Part"; VariantName = "[No Variations]"
Add component (AddParameter): Name = "LCSC Part Name"; Value = "8通道模拟多路复用器/解复用器"; VariantName = "[No Variations]"
Add component (AddParameter): Name = "Manufacturer"; Value = "Nexperia(安世)"; VariantName = "[No Variations]"
Add component (AddParameter): Name = "ManufacturerPart"; Value = "74HC4051D,653"; VariantName = "[No Variations]"
Add component (AddParameter): Name = "ModelId"; Value = "c21ec766ec2643efb3352f8441994f4e"; VariantName = "[No Variations]"
Add component (AddParameter): Name = "ModelName"; Value = "SOIC-16_L9.9-W3.9-H1.8-LS6.0-P1.27"; VariantName = "[No Variations]"
Add component (AddParameter): Name = "ModelTransform"; Value = "389.763,236.454,0,0,0,0,0,0,0"; VariantName = "[No Variations]"
Add component (AddParameter): Name = "Number of Channels"; Value = "1"; VariantName = "[No Variations]"
Add component (AddParameter): Name = "Operating Temperature"; Value = "-40℃~+125℃"; VariantName = "[No Variations]"
Add component (AddParameter): Name = "Propagation Delay (tpd)"; Value = "5ns"; VariantName = "[No Variations]"
Add component (AddParameter): Name = "Ron"; Value = "80Ω"; VariantName = "[No Variations]"
Add component (AddParameter): Name = "Supplier"; Value = "LCSC"; VariantName = "[No Variations]"
Add component (AddParameter): Name = "Supplier Footprint"; Value = "SOIC-16"; VariantName = "[No Variations]"
Add component (AddParameter): Name = "SupplierPart"; Value = "C9386"; VariantName = "[No Variations]"
Add component (AddParameter): Name = "Switch Circuit"; Value = "8:1"; VariantName = "[No Variations]"
Add component (AddParameter): Name = "Symbol"; Value = "74HC4051D,653"; VariantName = "[No Variations]"
Add component (AddParameter): Name = "Turn-off time"; Value = "31ns"; VariantName = "[No Variations]"
Add component (AddParameter): Name = "Turn-on time"; Value = "29ns"; VariantName = "[No Variations]"
Add component (AddParameter): Name = "Voltage - Supply"; Value = "2V~10V"; VariantName = "[No Variations]"
Added Component: Designator=U8(SOIC-16_L9.9-W3.9-P1.27-LS6.0-BL)
Add component (AddParameter): Name = "AddInBom"; Value = "yes"; VariantName = "[No Variations]"
Add component (AddParameter): Name = "Bandwidth"; Value = "-"; VariantName = "[No Variations]"
Add component (AddParameter): Name = "Con"; Value = "-"; VariantName = "[No Variations]"
Add component (AddParameter): Name = "ConvertToPcb"; Value = "yes"; VariantName = "[No Variations]"
Add component (AddParameter): Name = "Datasheet"; Value = "https://item.szlcsc.com/datasheet/74HC4051D%252C653/9915.html"; VariantName = "[No Variations]"
Add component (AddParameter): Name = "Features"; Value = "电平转换"; VariantName = "[No Variations]"
Add component (AddParameter): Name = "FootprintName"; Value = "SOIC-16_L9.9-W3.9-P1.27-LS6.0-BL"; VariantName = "[No Variations]"
Add component (AddParameter): Name = "JLCPCB Part Class"; Value = "Extended Part"; VariantName = "[No Variations]"
Add component (AddParameter): Name = "LCSC Part Name"; Value = "8通道模拟多路复用器/解复用器"; VariantName = "[No Variations]"
Add component (AddParameter): Name = "Manufacturer"; Value = "Nexperia(安世)"; VariantName = "[No Variations]"
Add component (AddParameter): Name = "ManufacturerPart"; Value = "74HC4051D,653"; VariantName = "[No Variations]"
Add component (AddParameter): Name = "ModelId"; Value = "c21ec766ec2643efb3352f8441994f4e"; VariantName = "[No Variations]"
Add component (AddParameter): Name = "ModelName"; Value = "SOIC-16_L9.9-W3.9-H1.8-LS6.0-P1.27"; VariantName = "[No Variations]"
Add component (AddParameter): Name = "ModelTransform"; Value = "389.763,236.454,0,0,0,0,0,0,0"; VariantName = "[No Variations]"
Add component (AddParameter): Name = "Number of Channels"; Value = "1"; VariantName = "[No Variations]"
Add component (AddParameter): Name = "Operating Temperature"; Value = "-40℃~+125℃"; VariantName = "[No Variations]"
Add component (AddParameter): Name = "Propagation Delay (tpd)"; Value = "5ns"; VariantName = "[No Variations]"
Add component (AddParameter): Name = "Ron"; Value = "80Ω"; VariantName = "[No Variations]"
Add component (AddParameter): Name = "Supplier"; Value = "LCSC"; VariantName = "[No Variations]"
Add component (AddParameter): Name = "Supplier Footprint"; Value = "SOIC-16"; VariantName = "[No Variations]"
Add component (AddParameter): Name = "SupplierPart"; Value = "C9386"; VariantName = "[No Variations]"
Add component (AddParameter): Name = "Switch Circuit"; Value = "8:1"; VariantName = "[No Variations]"
Add component (AddParameter): Name = "Symbol"; Value = "74HC4051D,653"; VariantName = "[No Variations]"
Add component (AddParameter): Name = "Turn-off time"; Value = "31ns"; VariantName = "[No Variations]"
Add component (AddParameter): Name = "Turn-on time"; Value = "29ns"; VariantName = "[No Variations]"
Add component (AddParameter): Name = "Voltage - Supply"; Value = "2V~10V"; VariantName = "[No Variations]"
Added Component: Designator=U9(SOIC-16_L9.9-W3.9-P1.27-LS6.0-BL)
Add component (AddParameter): Name = "AddInBom"; Value = "yes"; VariantName = "[No Variations]"
Add component (AddParameter): Name = "Bandwidth"; Value = "-"; VariantName = "[No Variations]"
Add component (AddParameter): Name = "Con"; Value = "-"; VariantName = "[No Variations]"
Add component (AddParameter): Name = "ConvertToPcb"; Value = "yes"; VariantName = "[No Variations]"
Add component (AddParameter): Name = "Datasheet"; Value = "https://item.szlcsc.com/datasheet/74HC4051D%252C653/9915.html"; VariantName = "[No Variations]"
Add component (AddParameter): Name = "Features"; Value = "电平转换"; VariantName = "[No Variations]"
Add component (AddParameter): Name = "FootprintName"; Value = "SOIC-16_L9.9-W3.9-P1.27-LS6.0-BL"; VariantName = "[No Variations]"
Add component (AddParameter): Name = "JLCPCB Part Class"; Value = "Extended Part"; VariantName = "[No Variations]"
Add component (AddParameter): Name = "LCSC Part Name"; Value = "8通道模拟多路复用器/解复用器"; VariantName = "[No Variations]"
Add component (AddParameter): Name = "Manufacturer"; Value = "Nexperia(安世)"; VariantName = "[No Variations]"
Add component (AddParameter): Name = "ManufacturerPart"; Value = "74HC4051D,653"; VariantName = "[No Variations]"
Add component (AddParameter): Name = "ModelId"; Value = "c21ec766ec2643efb3352f8441994f4e"; VariantName = "[No Variations]"
Add component (AddParameter): Name = "ModelName"; Value = "SOIC-16_L9.9-W3.9-H1.8-LS6.0-P1.27"; VariantName = "[No Variations]"
Add component (AddParameter): Name = "ModelTransform"; Value = "389.763,236.454,0,0,0,0,0,0,0"; VariantName = "[No Variations]"
Add component (AddParameter): Name = "Number of Channels"; Value = "1"; VariantName = "[No Variations]"
Add component (AddParameter): Name = "Operating Temperature"; Value = "-40℃~+125℃"; VariantName = "[No Variations]"
Add component (AddParameter): Name = "Propagation Delay (tpd)"; Value = "5ns"; VariantName = "[No Variations]"
Add component (AddParameter): Name = "Ron"; Value = "80Ω"; VariantName = "[No Variations]"
Add component (AddParameter): Name = "Supplier"; Value = "LCSC"; VariantName = "[No Variations]"
Add component (AddParameter): Name = "Supplier Footprint"; Value = "SOIC-16"; VariantName = "[No Variations]"
Add component (AddParameter): Name = "SupplierPart"; Value = "C9386"; VariantName = "[No Variations]"
Add component (AddParameter): Name = "Switch Circuit"; Value = "8:1"; VariantName = "[No Variations]"
Add component (AddParameter): Name = "Symbol"; Value = "74HC4051D,653"; VariantName = "[No Variations]"
Add component (AddParameter): Name = "Turn-off time"; Value = "31ns"; VariantName = "[No Variations]"
Add component (AddParameter): Name = "Turn-on time"; Value = "29ns"; VariantName = "[No Variations]"
Add component (AddParameter): Name = "Voltage - Supply"; Value = "2V~10V"; VariantName = "[No Variations]"
Added Component: Designator=U10(SOIC-16_L9.9-W3.9-P1.27-LS6.0-BL)
Add component (AddParameter): Name = "AddInBom"; Value = "yes"; VariantName = "[No Variations]"
Add component (AddParameter): Name = "Bandwidth"; Value = "-"; VariantName = "[No Variations]"
Add component (AddParameter): Name = "Con"; Value = "-"; VariantName = "[No Variations]"
Add component (AddParameter): Name = "ConvertToPcb"; Value = "yes"; VariantName = "[No Variations]"
Add component (AddParameter): Name = "Datasheet"; Value = "https://item.szlcsc.com/datasheet/74HC4051D%252C653/9915.html"; VariantName = "[No Variations]"
Add component (AddParameter): Name = "Features"; Value = "电平转换"; VariantName = "[No Variations]"
Add component (AddParameter): Name = "FootprintName"; Value = "SOIC-16_L9.9-W3.9-P1.27-LS6.0-BL"; VariantName = "[No Variations]"
Add component (AddParameter): Name = "JLCPCB Part Class"; Value = "Extended Part"; VariantName = "[No Variations]"
Add component (AddParameter): Name = "LCSC Part Name"; Value = "8通道模拟多路复用器/解复用器"; VariantName = "[No Variations]"
Add component (AddParameter): Name = "Manufacturer"; Value = "Nexperia(安世)"; VariantName = "[No Variations]"
Add component (AddParameter): Name = "ManufacturerPart"; Value = "74HC4051D,653"; VariantName = "[No Variations]"
Add component (AddParameter): Name = "ModelId"; Value = "c21ec766ec2643efb3352f8441994f4e"; VariantName = "[No Variations]"
Add component (AddParameter): Name = "ModelName"; Value = "SOIC-16_L9.9-W3.9-H1.8-LS6.0-P1.27"; VariantName = "[No Variations]"
Add component (AddParameter): Name = "ModelTransform"; Value = "389.763,236.454,0,0,0,0,0,0,0"; VariantName = "[No Variations]"
Add component (AddParameter): Name = "Number of Channels"; Value = "1"; VariantName = "[No Variations]"
Add component (AddParameter): Name = "Operating Temperature"; Value = "-40℃~+125℃"; VariantName = "[No Variations]"
Add component (AddParameter): Name = "Propagation Delay (tpd)"; Value = "5ns"; VariantName = "[No Variations]"
Add component (AddParameter): Name = "Ron"; Value = "80Ω"; VariantName = "[No Variations]"
Add component (AddParameter): Name = "Supplier"; Value = "LCSC"; VariantName = "[No Variations]"
Add component (AddParameter): Name = "Supplier Footprint"; Value = "SOIC-16"; VariantName = "[No Variations]"
Add component (AddParameter): Name = "SupplierPart"; Value = "C9386"; VariantName = "[No Variations]"
Add component (AddParameter): Name = "Switch Circuit"; Value = "8:1"; VariantName = "[No Variations]"
Add component (AddParameter): Name = "Symbol"; Value = "74HC4051D,653"; VariantName = "[No Variations]"
Add component (AddParameter): Name = "Turn-off time"; Value = "31ns"; VariantName = "[No Variations]"
Add component (AddParameter): Name = "Turn-on time"; Value = "29ns"; VariantName = "[No Variations]"
Add component (AddParameter): Name = "Voltage - Supply"; Value = "2V~10V"; VariantName = "[No Variations]"
Added Pin To Net: NetName=3.3V Pin=C1-2
Added Pin To Net: NetName=3.3V Pin=C2-2
Added Pin To Net: NetName=3.3V Pin=C3-1
Added Pin To Net: NetName=3.3V Pin=C4-1
Added Pin To Net: NetName=3.3V Pin=C5-2
Added Pin To Net: NetName=3.3V Pin=C6-2
Added Pin To Net: NetName=3.3V Pin=C7-2
Added Pin To Net: NetName=3.3V Pin=C9-2
Added Pin To Net: NetName=3.3V Pin=C10-2
Added Pin To Net: NetName=3.3V Pin=C11-2
Added Pin To Net: NetName=3.3V Pin=C12-2
Added Pin To Net: NetName=3.3V Pin=R2-1
Added Pin To Net: NetName=3.3V Pin=R4-2
Added Pin To Net: NetName=3.3V Pin=R7-1
Added Pin To Net: NetName=3.3V Pin=U1-5
Added Pin To Net: NetName=3.3V Pin=U1-16
Added Pin To Net: NetName=3.3V Pin=U2-16
Added Pin To Net: NetName=3.3V Pin=U3-16
Added Pin To Net: NetName=3.3V Pin=U4-3
Added Pin To Net: NetName=3.3V Pin=U5-16
Added Pin To Net: NetName=3.3V Pin=U6-16
Added Pin To Net: NetName=3.3V Pin=U7-16
Added Pin To Net: NetName=3.3V Pin=U8-16
Added Pin To Net: NetName=3.3V Pin=U9-16
Added Pin To Net: NetName=3.3V Pin=U10-16
Added Net: Name=3.3V
Added Pin To Net: NetName=A0 Pin=U1-6
Added Pin To Net: NetName=A0 Pin=U3-11
Added Pin To Net: NetName=A0 Pin=U5-11
Added Pin To Net: NetName=A0 Pin=U6-11
Added Pin To Net: NetName=A0 Pin=U7-11
Added Pin To Net: NetName=A0 Pin=U8-11
Added Pin To Net: NetName=A0 Pin=U9-11
Added Pin To Net: NetName=A0 Pin=U10-11
Added Net: Name=A0
Added Pin To Net: NetName=A1 Pin=U1-7
Added Pin To Net: NetName=A1 Pin=U3-10
Added Pin To Net: NetName=A1 Pin=U5-10
Added Pin To Net: NetName=A1 Pin=U6-10
Added Pin To Net: NetName=A1 Pin=U7-10
Added Pin To Net: NetName=A1 Pin=U8-10
Added Pin To Net: NetName=A1 Pin=U9-10
Added Pin To Net: NetName=A1 Pin=U10-10
Added Net: Name=A1
Added Pin To Net: NetName=A2 Pin=U1-10
Added Pin To Net: NetName=A2 Pin=U3-9
Added Pin To Net: NetName=A2 Pin=U5-9
Added Pin To Net: NetName=A2 Pin=U6-9
Added Pin To Net: NetName=A2 Pin=U7-9
Added Pin To Net: NetName=A2 Pin=U8-9
Added Pin To Net: NetName=A2 Pin=U9-9
Added Pin To Net: NetName=A2 Pin=U10-9
Added Net: Name=A2
Added Pin To Net: NetName=COM Pin=H1-2
Added Pin To Net: NetName=COM Pin=H2-3
Added Pin To Net: NetName=COM Pin=R6-2
Added Net: Name=COM
Added Pin To Net: NetName=CONT Pin=R3-1
Added Pin To Net: NetName=CONT Pin=U3-3
Added Pin To Net: NetName=CONT Pin=U5-3
Added Pin To Net: NetName=CONT Pin=U6-3
Added Pin To Net: NetName=CONT Pin=U7-3
Added Pin To Net: NetName=CONT Pin=U8-3
Added Pin To Net: NetName=CONT Pin=U9-3
Added Pin To Net: NetName=CONT Pin=U10-3
Added Net: Name=CONT
Added Pin To Net: NetName=EN_0 Pin=U2-13
Added Pin To Net: NetName=EN_0 Pin=U3-6
Added Net: Name=EN_0
Added Pin To Net: NetName=EN_1 Pin=U2-14
Added Pin To Net: NetName=EN_1 Pin=U5-6
Added Net: Name=EN_1
Added Pin To Net: NetName=EN_2 Pin=U2-15
Added Pin To Net: NetName=EN_2 Pin=U6-6
Added Net: Name=EN_2
Added Pin To Net: NetName=EN_3 Pin=U2-12
Added Pin To Net: NetName=EN_3 Pin=U7-6
Added Net: Name=EN_3
Added Pin To Net: NetName=EN_4 Pin=U2-1
Added Pin To Net: NetName=EN_4 Pin=U8-6
Added Net: Name=EN_4
Added Pin To Net: NetName=EN_5 Pin=U2-5
Added Pin To Net: NetName=EN_5 Pin=U9-6
Added Net: Name=EN_5
Added Pin To Net: NetName=EN_6 Pin=U2-2
Added Pin To Net: NetName=EN_6 Pin=U10-6
Added Net: Name=EN_6
Added Pin To Net: NetName=GND Pin=C1-1
Added Pin To Net: NetName=GND Pin=C2-1
Added Pin To Net: NetName=GND Pin=C3-2
Added Pin To Net: NetName=GND Pin=C4-2
Added Pin To Net: NetName=GND Pin=C5-1
Added Pin To Net: NetName=GND Pin=C6-1
Added Pin To Net: NetName=GND Pin=C7-1
Added Pin To Net: NetName=GND Pin=C8-1
Added Pin To Net: NetName=GND Pin=C9-1
Added Pin To Net: NetName=GND Pin=C10-1
Added Pin To Net: NetName=GND Pin=C11-1
Added Pin To Net: NetName=GND Pin=C12-1
Added Pin To Net: NetName=GND Pin=C13-2
Added Pin To Net: NetName=GND Pin=H1-1
Added Pin To Net: NetName=GND Pin=H2-4
Added Pin To Net: NetName=GND Pin=H3-4
Added Pin To Net: NetName=GND Pin=Q1-2
Added Pin To Net: NetName=GND Pin=R1-1
Added Pin To Net: NetName=GND Pin=U1-15
Added Pin To Net: NetName=GND Pin=U2-3
Added Pin To Net: NetName=GND Pin=U2-6
Added Pin To Net: NetName=GND Pin=U2-7
Added Pin To Net: NetName=GND Pin=U2-8
Added Pin To Net: NetName=GND Pin=U3-7
Added Pin To Net: NetName=GND Pin=U3-8
Added Pin To Net: NetName=GND Pin=U4-1
Added Pin To Net: NetName=GND Pin=U5-7
Added Pin To Net: NetName=GND Pin=U5-8
Added Pin To Net: NetName=GND Pin=U6-7
Added Pin To Net: NetName=GND Pin=U6-8
Added Pin To Net: NetName=GND Pin=U7-7
Added Pin To Net: NetName=GND Pin=U7-8
Added Pin To Net: NetName=GND Pin=U8-7
Added Pin To Net: NetName=GND Pin=U8-8
Added Pin To Net: NetName=GND Pin=U9-7
Added Pin To Net: NetName=GND Pin=U9-8
Added Pin To Net: NetName=GND Pin=U10-7
Added Pin To Net: NetName=GND Pin=U10-8
Added Net: Name=GND
Added Pin To Net: NetName=GPIO_IN Pin=Q1-3
Added Pin To Net: NetName=GPIO_IN Pin=R2-2
Added Pin To Net: NetName=GPIO_IN Pin=U1-14
Added Net: Name=GPIO_IN
Added Pin To Net: NetName=H1 Pin=T2-1
Added Pin To Net: NetName=H1 Pin=U3-13
Added Net: Name=H1
Added Pin To Net: NetName=H2 Pin=T9-1
Added Pin To Net: NetName=H2 Pin=U3-14
Added Net: Name=H2
Added Pin To Net: NetName=H3 Pin=T16-1
Added Pin To Net: NetName=H3 Pin=U3-15
Added Net: Name=H3
Added Pin To Net: NetName=H4 Pin=T23-1
Added Pin To Net: NetName=H4 Pin=U3-12
Added Net: Name=H4
Added Pin To Net: NetName=H5 Pin=T30-1
Added Pin To Net: NetName=H5 Pin=U3-1
Added Net: Name=H5
Added Pin To Net: NetName=H6 Pin=T37-1
Added Pin To Net: NetName=H6 Pin=U3-5
Added Net: Name=H6
Added Pin To Net: NetName=H7 Pin=T44-1
Added Pin To Net: NetName=H7 Pin=U3-2
Added Net: Name=H7
Added Pin To Net: NetName=H8 Pin=T3-1
Added Pin To Net: NetName=H8 Pin=U3-4
Added Net: Name=H8
Added Pin To Net: NetName=H9 Pin=T10-1
Added Pin To Net: NetName=H9 Pin=U5-13
Added Net: Name=H9
Added Pin To Net: NetName=H10 Pin=T17-1
Added Pin To Net: NetName=H10 Pin=U5-14
Added Net: Name=H10
Added Pin To Net: NetName=H11 Pin=T24-1
Added Pin To Net: NetName=H11 Pin=U5-15
Added Net: Name=H11
Added Pin To Net: NetName=H12 Pin=T31-1
Added Pin To Net: NetName=H12 Pin=U5-12
Added Net: Name=H12
Added Pin To Net: NetName=H13 Pin=T38-1
Added Pin To Net: NetName=H13 Pin=U5-1
Added Net: Name=H13
Added Pin To Net: NetName=H14 Pin=T45-1
Added Pin To Net: NetName=H14 Pin=U5-5
Added Net: Name=H14
Added Pin To Net: NetName=H15 Pin=T4-1
Added Pin To Net: NetName=H15 Pin=U5-2
Added Net: Name=H15
Added Pin To Net: NetName=H16 Pin=T11-1
Added Pin To Net: NetName=H16 Pin=U5-4
Added Net: Name=H16
Added Pin To Net: NetName=H17 Pin=T18-1
Added Pin To Net: NetName=H17 Pin=U6-13
Added Net: Name=H17
Added Pin To Net: NetName=H18 Pin=T25-1
Added Pin To Net: NetName=H18 Pin=U6-14
Added Net: Name=H18
Added Pin To Net: NetName=H19 Pin=T32-1
Added Pin To Net: NetName=H19 Pin=U6-15
Added Net: Name=H19
Added Pin To Net: NetName=H20 Pin=T39-1
Added Pin To Net: NetName=H20 Pin=U6-12
Added Net: Name=H20
Added Pin To Net: NetName=H21 Pin=T46-1
Added Pin To Net: NetName=H21 Pin=U6-1
Added Net: Name=H21
Added Pin To Net: NetName=H22 Pin=T5-1
Added Pin To Net: NetName=H22 Pin=U6-5
Added Net: Name=H22
Added Pin To Net: NetName=H23 Pin=T12-1
Added Pin To Net: NetName=H23 Pin=U6-2
Added Net: Name=H23
Added Pin To Net: NetName=H24 Pin=T19-1
Added Pin To Net: NetName=H24 Pin=U6-4
Added Net: Name=H24
Added Pin To Net: NetName=H25 Pin=T26-1
Added Pin To Net: NetName=H25 Pin=U7-13
Added Net: Name=H25
Added Pin To Net: NetName=H26 Pin=T33-1
Added Pin To Net: NetName=H26 Pin=U7-14
Added Net: Name=H26
Added Pin To Net: NetName=H27 Pin=T40-1
Added Pin To Net: NetName=H27 Pin=U7-15
Added Net: Name=H27
Added Pin To Net: NetName=H28 Pin=T47-1
Added Pin To Net: NetName=H28 Pin=U7-12
Added Net: Name=H28
Added Pin To Net: NetName=H29 Pin=T6-1
Added Pin To Net: NetName=H29 Pin=U7-1
Added Net: Name=H29
Added Pin To Net: NetName=H30 Pin=T13-1
Added Pin To Net: NetName=H30 Pin=U7-5
Added Net: Name=H30
Added Pin To Net: NetName=H31 Pin=T20-1
Added Pin To Net: NetName=H31 Pin=U7-2
Added Net: Name=H31
Added Pin To Net: NetName=H32 Pin=T27-1
Added Pin To Net: NetName=H32 Pin=U7-4
Added Net: Name=H32
Added Pin To Net: NetName=H33 Pin=T34-1
Added Pin To Net: NetName=H33 Pin=U8-13
Added Net: Name=H33
Added Pin To Net: NetName=H34 Pin=T41-1
Added Pin To Net: NetName=H34 Pin=U8-14
Added Net: Name=H34
Added Pin To Net: NetName=H35 Pin=T48-1
Added Pin To Net: NetName=H35 Pin=U8-15
Added Net: Name=H35
Added Pin To Net: NetName=H36 Pin=T7-1
Added Pin To Net: NetName=H36 Pin=U8-12
Added Net: Name=H36
Added Pin To Net: NetName=H37 Pin=T14-1
Added Pin To Net: NetName=H37 Pin=U8-1
Added Net: Name=H37
Added Pin To Net: NetName=H38 Pin=T21-1
Added Pin To Net: NetName=H38 Pin=U8-5
Added Net: Name=H38
Added Pin To Net: NetName=H39 Pin=T28-1
Added Pin To Net: NetName=H39 Pin=U8-2
Added Net: Name=H39
Added Pin To Net: NetName=H40 Pin=T35-1
Added Pin To Net: NetName=H40 Pin=U8-4
Added Net: Name=H40
Added Pin To Net: NetName=H41 Pin=T42-1
Added Pin To Net: NetName=H41 Pin=U9-13
Added Net: Name=H41
Added Pin To Net: NetName=H42 Pin=T49-1
Added Pin To Net: NetName=H42 Pin=U9-14
Added Net: Name=H42
Added Pin To Net: NetName=H43 Pin=T8-1
Added Pin To Net: NetName=H43 Pin=U9-15
Added Net: Name=H43
Added Pin To Net: NetName=H44 Pin=T15-1
Added Pin To Net: NetName=H44 Pin=U9-12
Added Net: Name=H44
Added Pin To Net: NetName=H45 Pin=T22-1
Added Pin To Net: NetName=H45 Pin=U9-1
Added Net: Name=H45
Added Pin To Net: NetName=H46 Pin=T29-1
Added Pin To Net: NetName=H46 Pin=U9-5
Added Net: Name=H46
Added Pin To Net: NetName=H47 Pin=T36-1
Added Pin To Net: NetName=H47 Pin=U9-2
Added Net: Name=H47
Added Pin To Net: NetName=H48 Pin=T43-1
Added Pin To Net: NetName=H48 Pin=U9-4
Added Net: Name=H48
Added Pin To Net: NetName=H49 Pin=T50-1
Added Pin To Net: NetName=H49 Pin=U10-13
Added Net: Name=H49
Added Pin To Net: NetName=H50 Pin=T51-1
Added Pin To Net: NetName=H50 Pin=U10-14
Added Net: Name=H50
Added Pin To Net: NetName=NetQ1_1 Pin=Q1-1
Added Pin To Net: NetName=NetQ1_1 Pin=R3-2
Added Net: Name=NetQ1_1
Added Pin To Net: NetName=NetR1_2 Pin=R1-2
Added Pin To Net: NetName=NetR1_2 Pin=U1-1
Added Net: Name=NetR1_2
Added Pin To Net: NetName=NetR4_1 Pin=R4-1
Added Pin To Net: NetName=NetR4_1 Pin=R5-1
Added Pin To Net: NetName=NetR4_1 Pin=T1-1
Added Net: Name=NetR4_1
Added Pin To Net: NetName=NRST Pin=C13-1
Added Pin To Net: NetName=NRST Pin=R7-2
Added Pin To Net: NetName=NRST Pin=U1-4
Added Net: Name=NRST
Added Pin To Net: NetName=SELECT_EN0 Pin=U1-13
Added Pin To Net: NetName=SELECT_EN0 Pin=U2-11
Added Net: Name=SELECT_EN0
Added Pin To Net: NetName=SELECT_EN1 Pin=U1-12
Added Pin To Net: NetName=SELECT_EN1 Pin=U2-10
Added Net: Name=SELECT_EN1
Added Pin To Net: NetName=SELECT_EN2 Pin=U1-11
Added Pin To Net: NetName=SELECT_EN2 Pin=U2-9
Added Net: Name=SELECT_EN2
Added Pin To Net: NetName=SWCLK Pin=H3-2
Added Pin To Net: NetName=SWCLK Pin=U1-20
Added Net: Name=SWCLK
Added Pin To Net: NetName=SWDIO Pin=H3-3
Added Pin To Net: NetName=SWDIO Pin=U1-19
Added Net: Name=SWDIO
Added Pin To Net: NetName=USART2_RX Pin=H1-3
Added Pin To Net: NetName=USART2_RX Pin=U1-9
Added Net: Name=USART2_RX
Added Pin To Net: NetName=USART2_TX Pin=H2-2
Added Pin To Net: NetName=USART2_TX Pin=R6-1
Added Pin To Net: NetName=USART2_TX Pin=U1-8
Added Net: Name=USART2_TX
Added Pin To Net: NetName=VIN Pin=C8-2
Added Pin To Net: NetName=VIN Pin=H1-4
Added Pin To Net: NetName=VIN Pin=H2-1
Added Pin To Net: NetName=VIN Pin=H3-1
Added Pin To Net: NetName=VIN Pin=R5-2
Added Pin To Net: NetName=VIN Pin=U4-2
Added Net: Name=VIN
Added Class: Name=Sheet1
Added Room: Name=Sheet1
